Component: ARM Compiler 5.05 update 2 (build 169) Tool: armlink [4d0f33]

==============================================================================

Section Cross References

    startup_stm32f10x_hd.o(RESET) refers to startup_stm32f10x_hd.o(STACK) for __initial_sp
    startup_stm32f10x_hd.o(RESET) refers to startup_stm32f10x_hd.o(.text) for Reset_Handler
    startup_stm32f10x_hd.o(RESET) refers to stm32f10x_it.o(i.NMI_Handler) for NMI_Handler
    startup_stm32f10x_hd.o(RESET) refers to stm32f10x_it.o(i.HardFault_Handler) for HardFault_Handler
    startup_stm32f10x_hd.o(RESET) refers to stm32f10x_it.o(i.MemManage_Handler) for MemManage_Handler
    startup_stm32f10x_hd.o(RESET) refers to stm32f10x_it.o(i.BusFault_Handler) for BusFault_Handler
    startup_stm32f10x_hd.o(RESET) refers to stm32f10x_it.o(i.UsageFault_Handler) for UsageFault_Handler
    startup_stm32f10x_hd.o(RESET) refers to stm32f10x_it.o(i.SVC_Handler) for SVC_Handler
    startup_stm32f10x_hd.o(RESET) refers to stm32f10x_it.o(i.DebugMon_Handler) for DebugMon_Handler
    startup_stm32f10x_hd.o(RESET) refers to stm32f10x_it.o(i.PendSV_Handler) for PendSV_Handler
    startup_stm32f10x_hd.o(RESET) refers to stm32f10x_it.o(i.SysTick_Handler) for SysTick_Handler
    startup_stm32f10x_hd.o(RESET) refers to stm32f10x_it.o(i.EXTI9_5_IRQHandler) for EXTI9_5_IRQHandler
    startup_stm32f10x_hd.o(RESET) refers to usart3.o(i.TIM2_IRQHandler) for TIM2_IRQHandler
    startup_stm32f10x_hd.o(RESET) refers to usart2.o(i.TIM3_IRQHandler) for TIM3_IRQHandler
    startup_stm32f10x_hd.o(RESET) refers to usart1.o(i.TIM4_IRQHandler) for TIM4_IRQHandler
    startup_stm32f10x_hd.o(RESET) refers to usart1.o(i.USART1_IRQHandler) for USART1_IRQHandler
    startup_stm32f10x_hd.o(RESET) refers to usart2.o(i.USART2_IRQHandler) for USART2_IRQHandler
    startup_stm32f10x_hd.o(RESET) refers to usart3.o(i.USART3_IRQHandler) for USART3_IRQHandler
    startup_stm32f10x_hd.o(RESET) refers to uart4.o(i.TIM5_IRQHandler) for TIM5_IRQHandler
    startup_stm32f10x_hd.o(RESET) refers to uart4.o(i.UART4_IRQHandler) for UART4_IRQHandler
    startup_stm32f10x_hd.o(.text) refers to system_stm32f10x.o(i.SystemInit) for SystemInit
    startup_stm32f10x_hd.o(.text) refers to entry.o(.ARM.Collect$$$$00000000) for __main
    system_stm32f10x.o(i.SetSysClock) refers to system_stm32f10x.o(i.SetSysClockTo72) for SetSysClockTo72
    system_stm32f10x.o(i.SystemCoreClockUpdate) refers to system_stm32f10x.o(.data) for SystemCoreClock
    system_stm32f10x.o(i.SystemInit) refers to system_stm32f10x.o(i.SetSysClock) for SetSysClock
    stm32f10x_adc.o(i.ADC_DeInit) refers to stm32f10x_rcc.o(i.RCC_APB2PeriphResetCmd) for RCC_APB2PeriphResetCmd
    stm32f10x_bkp.o(i.BKP_DeInit) refers to stm32f10x_rcc.o(i.RCC_BackupResetCmd) for RCC_BackupResetCmd
    stm32f10x_can.o(i.CAN_DeInit) refers to stm32f10x_rcc.o(i.RCC_APB1PeriphResetCmd) for RCC_APB1PeriphResetCmd
    stm32f10x_can.o(i.CAN_GetITStatus) refers to stm32f10x_can.o(i.CheckITStatus) for CheckITStatus
    stm32f10x_cec.o(i.CEC_DeInit) refers to stm32f10x_rcc.o(i.RCC_APB1PeriphResetCmd) for RCC_APB1PeriphResetCmd
    stm32f10x_dac.o(i.DAC_DeInit) refers to stm32f10x_rcc.o(i.RCC_APB1PeriphResetCmd) for RCC_APB1PeriphResetCmd
    stm32f10x_flash.o(i.FLASH_EnableWriteProtection) refers to stm32f10x_flash.o(i.FLASH_WaitForLastOperation) for FLASH_WaitForLastOperation
    stm32f10x_flash.o(i.FLASH_EraseAllBank1Pages) refers to stm32f10x_flash.o(i.FLASH_WaitForLastBank1Operation) for FLASH_WaitForLastBank1Operation
    stm32f10x_flash.o(i.FLASH_EraseAllPages) refers to stm32f10x_flash.o(i.FLASH_WaitForLastOperation) for FLASH_WaitForLastOperation
    stm32f10x_flash.o(i.FLASH_EraseOptionBytes) refers to stm32f10x_flash.o(i.FLASH_GetReadOutProtectionStatus) for FLASH_GetReadOutProtectionStatus
    stm32f10x_flash.o(i.FLASH_EraseOptionBytes) refers to stm32f10x_flash.o(i.FLASH_WaitForLastOperation) for FLASH_WaitForLastOperation
    stm32f10x_flash.o(i.FLASH_ErasePage) refers to stm32f10x_flash.o(i.FLASH_WaitForLastOperation) for FLASH_WaitForLastOperation
    stm32f10x_flash.o(i.FLASH_ProgramHalfWord) refers to stm32f10x_flash.o(i.FLASH_WaitForLastOperation) for FLASH_WaitForLastOperation
    stm32f10x_flash.o(i.FLASH_ProgramOptionByteData) refers to stm32f10x_flash.o(i.FLASH_WaitForLastOperation) for FLASH_WaitForLastOperation
    stm32f10x_flash.o(i.FLASH_ProgramWord) refers to stm32f10x_flash.o(i.FLASH_WaitForLastOperation) for FLASH_WaitForLastOperation
    stm32f10x_flash.o(i.FLASH_ReadOutProtection) refers to stm32f10x_flash.o(i.FLASH_WaitForLastOperation) for FLASH_WaitForLastOperation
    stm32f10x_flash.o(i.FLASH_UserOptionByteConfig) refers to stm32f10x_flash.o(i.FLASH_WaitForLastOperation) for FLASH_WaitForLastOperation
    stm32f10x_flash.o(i.FLASH_WaitForLastBank1Operation) refers to stm32f10x_flash.o(i.FLASH_GetBank1Status) for FLASH_GetBank1Status
[...]
    Removing bsp_ili9341_lcd.o(i.ILI9341_GramScan), (328 bytes).
    Removing bsp_ili9341_lcd.o(i.ILI9341_Read_PixelData), (54 bytes).
    Removing bsp_ili9341_lcd.o(i.ILI9341_SetCursor), (20 bytes).
    Removing bsp_ili9341_lcd.o(i.ILI9341_SetPointPixel), (36 bytes).
    Removing bsp_xpt2046_lcd.o(i.ILI9341_DrawCross), (52 bytes).
    Removing bsp_xpt2046_lcd.o(i.XPT2046_Calculate_CalibrationFactor), (356 bytes).
    Removing bsp_xpt2046_lcd.o(i.XPT2046_DelayUS), (30 bytes).
    Removing bsp_xpt2046_lcd.o(i.XPT2046_Get_TouchedPoint), (202 bytes).
    Removing bsp_xpt2046_lcd.o(i.XPT2046_ReadAdc), (16 bytes).
    Removing bsp_xpt2046_lcd.o(i.XPT2046_ReadAdc_Smooth_XY), (348 bytes).
    Removing bsp_xpt2046_lcd.o(i.XPT2046_ReadAdc_XY), (38 bytes).
    Removing bsp_xpt2046_lcd.o(i.XPT2046_ReadCMD), (84 bytes).
    Removing bsp_xpt2046_lcd.o(i.XPT2046_Touch_Calibrate), (996 bytes).
    Removing bsp_xpt2046_lcd.o(i.XPT2046_WriteCMD), (108 bytes).
    Removing gps.o(i.GPS_Init), (204 bytes).
    Removing gps.o(i.Ublox_Cfg_Ack_Check), (112 bytes).
    Removing gps.o(i.Ublox_Cfg_Cfg_Save), (120 bytes).
    Removing gps.o(i.Ublox_Cfg_GNSS), (116 bytes).
    Removing gps.o(i.Ublox_Cfg_GNSS1), (68 bytes).
    Removing gps.o(i.Ublox_Cfg_Msg), (92 bytes).
    Removing gps.o(i.Ublox_Cfg_Prt), (116 bytes).
    Removing gps.o(i.Ublox_Cfg_Rate), (108 bytes).
    Removing gps.o(i.Ublox_CheckSum), (40 bytes).
    Removing key.o(i.KEY_Init), (52 bytes).
    Removing key.o(i.Key_Scan), (44 bytes).
    Removing bsp_systick.o(i.Delay_us), (40 bytes).
    Removing bsp_systick.o(i.SysTick_Init), (124 bytes).
    Removing bsp_systick.o(i.TimingDelay_Decrement), (24 bytes).
    Removing bsp_systick.o(.data), (4 bytes).
    Removing uart4.o(i.TIM5_Init), (88 bytes).
    Removing uart4.o(i.UART4_Init), (200 bytes).
    Removing uart4.o(i.USART_printf), (380 bytes).
    Removing uart4.o(i._sys_exit), (6 bytes).
    Removing uart4.o(i.fputc), (28 bytes).
    Removing uart4.o(i.itoa), (98 bytes).
    Removing uart4.o(i.u4_printf), (20 bytes).
    Removing usart1.o(i.u1_printf), (84 bytes).
    Removing temp.o(i.DS18B20_GetTemp_MatchRom), (156 bytes).
    Removing temp.o(i.DS18B20_MatchRom), (18 bytes).
    Removing sim900a.o(i.sim900a_enmessage_mode_out), (196 bytes).
    Removing sim900a.o(i.sim900a_init), (228 bytes).
    Removing sim900a.o(i.sim_at_response), (96 bytes).
    Removing sim900a.o(.data), (1 bytes).
    Removing dfltui.o(.text), (26 bytes).
    Removing dfixui.o(.text), (50 bytes).
    Removing cdcmple.o(.text), (48 bytes).
    Removing bsp_ili9341_lcd.o(i.ILI9341_Read_Data), (8 bytes).

491 unused section(s) (total 23915 bytes) removed from the image.

==============================================================================

Image Symbol Table

    Local Symbols

    Symbol Name                              Value     Ov Type        Size  Object(Section)

    ../clib/microlib/division.c              0x00000000   Number         0  uidiv.o ABSOLUTE
    ../clib/microlib/division.c              0x00000000   Number         0  uldiv.o ABSOLUTE
    ../clib/microlib/init/entry.s            0x00000000   Number         0  entry5.o ABSOLUTE
    ../clib/microlib/init/entry.s            0x00000000   Number         0  entry11b.o ABSOLUTE
    ../clib/microlib/init/entry.s            0x00000000   Number         0  entry10a.o ABSOLUTE
    ../clib/microlib/init/entry.s            0x00000000   Number         0  entry8a.o ABSOLUTE
    ../clib/microlib/init/entry.s            0x00000000   Number         0  entry10b.o ABSOLUTE
    ../clib/microlib/init/entry.s            0x00000000   Number         0  entry7a.o ABSOLUTE
    ../clib/microlib/init/entry.s            0x00000000   Number         0  entry11a.o ABSOLUTE
    ../clib/microlib/init/entry.s            0x00000000   Number         0  entry2.o ABSOLUTE
    ../clib/microlib/init/entry.s            0x00000000   Number         0  entry7b.o ABSOLUTE
    ../clib/microlib/init/entry.s            0x00000000   Number         0  entry8b.o ABSOLUTE
    ../clib/microlib/init/entry.s            0x00000000   Number         0  entry.o ABSOLUTE
    ../clib/microlib/init/entry.s            0x00000000   Number         0  entry9a.o ABSOLUTE
    ../clib/microlib/init/entry.s            0x00000000   Number         0  entry9b.o ABSOLUTE
    ../clib/microlib/longlong.c              0x00000000   Number         0  llshl.o ABSOLUTE
    ../clib/microlib/longlong.c              0x00000000   Number         0  llsshr.o ABSOLUTE
    ../clib/microlib/longlong.c              0x00000000   Number         0  llushr.o ABSOLUTE
    ../clib/microlib/printf/printf.c         0x00000000   Number         0  printf2.o ABSOLUTE
    ../clib/microlib/printf/printf.c         0x00000000   Number         0  printf3.o ABSOLUTE
    ../clib/microlib/printf/printf.c         0x00000000   Number         0  printf7.o ABSOLUTE
    ../clib/microlib/printf/printf.c         0x00000000   Number         0  printf4.o ABSOLUTE
    ../clib/microlib/printf/printf.c         0x00000000   Number         0  printfb.o ABSOLUTE
    ../clib/microlib/printf/printf.c         0x00000000   Number         0  printf5.o ABSOLUTE
    ../clib/microlib/printf/printf.c         0x00000000   Number         0  printf6.o ABSOLUTE
    ../clib/microlib/printf/printf.c         0x00000000   Number         0  printf0.o ABSOLUTE
    ../clib/microlib/printf/printf.c         0x00000000   Number         0  printf1.o ABSOLUTE
    ../clib/microlib/printf/printf.c         0x00000000   Number         0  printfa.o ABSOLUTE
    ../clib/microlib/printf/printf.c         0x00000000   Number         0  printf8.o ABSOLUTE
    ../clib/microlib/printf/stubs.s          0x00000000   Number         0  stubs.o ABSOLUTE
    ../clib/microlib/string/memset.c         0x00000000   Number         0  memseta.o ABSOLUTE
    ../clib/microlib/string/strlen.c         0x00000000   Number         0  strlen.o ABSOLUTE
    ../clib/microlib/string/strstr.c         0x00000000   Number         0  strstr.o ABSOLUTE
    ../clib/microlib/stubs.s                 0x00000000   Number         0  useno.o ABSOLUTE
    ../clib/microlib/stubs.s                 0x00000000   Number         0  iusefp.o ABSOLUTE
    ../fplib/microlib/d2f.c                  0x00000000   Number         0  d2f.o ABSOLUTE
    ../fplib/microlib/f2d.c                  0x00000000   Number         0  f2d.o ABSOLUTE
    ../fplib/microlib/fpadd.c                0x00000000   Number         0  fadd.o ABSOLUTE
    ../fplib/microlib/fpadd.c                0x00000000   Number         0  dadd.o ABSOLUTE
    ../fplib/microlib/fpdiv.c                0x00000000   Number         0  ddiv.o ABSOLUTE
    ../fplib/microlib/fpdiv.c                0x00000000   Number         0  fdiv.o ABSOLUTE
    ../fplib/microlib/fpepilogue.c           0x00000000   Number         0  depilogue.o ABSOLUTE
    ../fplib/microlib/fpepilogue.c           0x00000000   Number         0  fepilogue.o ABSOLUTE
    ../fplib/microlib/fpfix.c                0x00000000   Number         0  dfixul.o ABSOLUTE
    ../fplib/microlib/fpfix.c                0x00000000   Number         0  ffixui.o ABSOLUTE
    ../fplib/microlib/fpfix.c                0x00000000   Number         0  dfixui.o ABSOLUTE
    ../fplib/microlib/fpflt.c                0x00000000   Number         0  fflti.o ABSOLUTE
    ../fplib/microlib/fpflt.c                0x00000000   Number         0  dfltui.o ABSOLUTE
    ../fplib/microlib/fpflt.c                0x00000000   Number         0  ffltui.o ABSOLUTE
    ../fplib/microlib/fpflt.c                0x00000000   Number         0  dflti.o ABSOLUTE
    ../fplib/microlib/fpmul.c                0x00000000   Number         0  fmul.o ABSOLUTE
    ../fplib/microlib/fpmul.c                0x00000000   Number         0  dmul.o ABSOLUTE
    ..\..\..\GSMfinal\User\SIM900A\sim900a.c 0x00000000   Number         0  sim900a.o ABSOLUTE
    ..\..\Libraries\CMSIS\core_cm3.c         0x00000000   Number         0  core_cm3.o ABSOLUTE
    ..\..\Libraries\CMSIS\startup\startup_stm32f10x_hd.s 0x00000000   Number         0  startup_stm32f10x_hd.o ABSOLUTE
    ..\..\Libraries\CMSIS\system_stm32f10x.c 0x00000000   Number         0  system_stm32f10x.o ABSOLUTE
    ..\..\Libraries\FWlib\src\misc.c         0x00000000   Number         0  misc.o ABSOLUTE
    ..\..\Libraries\FWlib\src\stm32f10x_adc.c 0x00000000   Number         0  stm32f10x_adc.o ABSOLUTE
    ..\..\Libraries\FWlib\src\stm32f10x_bkp.c 0x00000000   Number         0  stm32f10x_bkp.o ABSOLUTE
    ..\..\Libraries\FWlib\src\stm32f10x_can.c 0x00000000   Number         0  stm32f10x_can.o ABSOLUTE
    ..\..\Libraries\FWlib\src\stm32f10x_cec.c 0x00000000   Number         0  stm32f10x_cec.o ABSOLUTE
    ..\..\Libraries\FWlib\src\stm32f10x_crc.c 0x00000000   Number         0  stm32f10x_crc.o ABSOLUTE
    ..\..\Libraries\FWlib\src\stm32f10x_dac.c 0x00000000   Number         0  stm32f10x_dac.o ABSOLUTE
    ..\..\Libraries\FWlib\src\stm32f10x_dbgmcu.c 0x00000000   Number         0  stm32f10x_dbgmcu.o ABSOLUTE
    ..\..\Libraries\FWlib\src\stm32f10x_dma.c 0x00000000   Number         0  stm32f10x_dma.o ABSOLUTE
    ..\..\Libraries\FWlib\src\stm32f10x_exti.c 0x00000000   Number         0  stm32f10x_exti.o ABSOLUTE
    ..\..\Libraries\FWlib\src\stm32f10x_flash.c 0x00000000   Number         0  stm32f10x_flash.o ABSOLUTE
    ..\..\Libraries\FWlib\src\stm32f10x_fsmc.c 0x00000000   Number         0  stm32f10x_fsmc.o ABSOLUTE
    ..\..\Libraries\FWlib\src\stm32f10x_gpio.c 0x00000000   Number         0  stm32f10x_gpio.o ABSOLUTE
    ..\..\Libraries\FWlib\src\stm32f10x_i2c.c 0x00000000   Number         0  stm32f10x_i2c.o ABSOLUTE
    ..\..\Libraries\FWlib\src\stm32f10x_iwdg.c 0x00000000   Number         0  stm32f10x_iwdg.o ABSOLUTE
    ..\..\Libraries\FWlib\src\stm32f10x_pwr.c 0x00000000   Number         0  stm32f10x_pwr.o ABSOLUTE
    ..\..\Libraries\FWlib\src\stm32f10x_rcc.c 0x00000000   Number         0  stm32f10x_rcc.o ABSOLUTE
    ..\..\Libraries\FWlib\src\stm32f10x_rtc.c 0x00000000   Number         0  stm32f10x_rtc.o ABSOLUTE
    ..\..\Libraries\FWlib\src\stm32f10x_sdio.c 0x00000000   Number         0  stm32f10x_sdio.o ABSOLUTE
    ..\..\Libraries\FWlib\src\stm32f10x_spi.c 0x00000000   Number         0  stm32f10x_spi.o ABSOLUTE
    ..\..\Libraries\FWlib\src\stm32f10x_tim.c 0x00000000   Number         0  stm32f10x_tim.o ABSOLUTE
    ..\..\Libraries\FWlib\src\stm32f10x_usart.c 0x00000000   Number         0  stm32f10x_usart.o ABSOLUTE
    ..\..\Libraries\FWlib\src\stm32f10x_wwdg.c 0x00000000   Number         0  stm32f10x_wwdg.o ABSOLUTE
    ..\..\User\App.c                         0x00000000   Number         0  app.o ABSOLUTE
    ..\..\User\GPS\gps.c                     0x00000000   Number         0  gps.o ABSOLUTE
    ..\..\User\KEY\key.c                     0x00000000   Number         0  key.o ABSOLUTE
    ..\..\User\LED\led.c                     0x00000000   Number         0  led.o ABSOLUTE
    ..\..\User\Lcd\bsp_ili9341_lcd.c         0x00000000   Number         0  bsp_ili9341_lcd.o ABSOLUTE
    ..\..\User\SysTick\bsp_SysTick.c         0x00000000   Number         0  bsp_systick.o ABSOLUTE
    ..\..\User\TEMP\temp.c                   0x00000000   Number         0  temp.o ABSOLUTE
    ..\..\User\UART4\uart4.c                 0x00000000   Number         0  uart4.o ABSOLUTE
    ..\..\User\USART1\usart1.c               0x00000000   Number         0  usart1.o ABSOLUTE
    ..\..\User\USART2\usart2.c               0x00000000   Number         0  usart2.o ABSOLUTE
    ..\..\User\USART3\usart3.c               0x00000000   Number         0  usart3.o ABSOLUTE
    ..\..\User\delay\delay.c                 0x00000000   Number         0  delay.o ABSOLUTE
    ..\..\User\lcd\bsp_lcd.c                 0x00000000   Number         0  bsp_lcd.o ABSOLUTE
    ..\..\User\lcd\bsp_xpt2046_lcd.c         0x00000000   Number         0  bsp_xpt2046_lcd.o ABSOLUTE
    ..\..\User\main.c                        0x00000000   Number         0  main.o ABSOLUTE
    ..\..\User\stm32f10x_it.c                0x00000000   Number         0  stm32f10x_it.o ABSOLUTE
    ..\..\User\sys\sys.c                     0x00000000   Number         0  sys.o ABSOLUTE
    ..\\..\\Libraries\\CMSIS\\core_cm3.c     0x00000000   Number         0  core_cm3.o ABSOLUTE
    cdcmple.s                                0x00000000   Number         0  cdcmple.o ABSOLUTE
    cdrcmple.s                               0x00000000   Number         0  cdrcmple.o ABSOLUTE
    dc.s                                     0x00000000   Number         0  dc.o ABSOLUTE
    handlers.s                               0x00000000   Number         0  handlers.o ABSOLUTE
    init.s                                   0x00000000   Number         0  init.o ABSOLUTE
    RESET                                    0x08000000   Section      304  startup_stm32f10x_hd.o(RESET)
    .ARM.Collect$$$$00000000                 0x08000130   Section        0  entry.o(.ARM.Collect$$$$00000000)
    .ARM.Collect$$$$00000001                 0x08000130   Section        4  entry2.o(.ARM.Collect$$$$00000001)
    .ARM.Collect$$$$00000004                 0x08000134   Section        4  entry5.o(.ARM.Collect$$$$00000004)
    .ARM.Collect$$$$00000008                 0x08000138   Section        0  entry7b.o(.ARM.Collect$$$$00000008)
    .ARM.Collect$$$$0000000A                 0x08000138   Section        0  entry8b.o(.ARM.Collect$$$$0000000A)
    .ARM.Collect$$$$0000000B                 0x08000138   Section        8  entry9a.o(.ARM.Collect$$$$0000000B)
    .ARM.Collect$$$$0000000D                 0x08000140   Section        0  entry10a.o(.ARM.Collect$$$$0000000D)
    .ARM.Collect$$$$0000000F                 0x08000140   Section        0  entry11a.o(.ARM.Collect$$$$0000000F)
    .ARM.Collect$$$$00002712                 0x08000140   Section        4  entry2.o(.ARM.Collect$$$$00002712)
    __lit__00000000                          0x08000140   Data           4  entry2.o(.ARM.Collect$$$$00002712)
    .text                                    0x08000144   Section       36  startup_stm32f10x_hd.o(.text)
    .text                                    0x08000168   Section        0  strstr.o(.text)
    .text                                    0x0800018c   Section        0  strlen.o(.text)
    .text                                    0x0800019a   Section        0  fadd.o(.text)
    .text                                    0x0800024a   Section        0  fmul.o(.text)
    .text                                    0x080002ae   Section        0  fdiv.o(.text)
    .text                                    0x0800032a   Section        0  dadd.o(.text)
    .text                                    0x08000478   Section        0  dmul.o(.text)
    .text                                    0x0800055c   Section        0  ddiv.o(.text)
    .text                                    0x0800063a   Section        0  fflti.o(.text)
    .text                                    0x0800064c   Section        0  ffltui.o(.text)
    .text                                    0x08000656   Section        0  dflti.o(.text)
    .text                                    0x08000678   Section        0  ffixui.o(.text)
    .text                                    0x080006a0   Section        0  f2d.o(.text)
    .text                                    0x080006c6   Section        0  d2f.o(.text)
    .text                                    0x080006fe   Section        0  uidiv.o(.text)
    .text                                    0x0800072a   Section        0  uldiv.o(.text)
    .text                                    0x0800078c   Section        0  llshl.o(.text)
    .text                                    0x080007aa   Section        0  llushr.o(.text)
    .text                                    0x080007ca   Section        0  llsshr.o(.text)
    .text                                    0x080007ee   Section        0  iusefp.o(.text)
    .text                                    0x080007ee   Section        0  fepilogue.o(.text)
    .text                                    0x0800085c   Section        0  depilogue.o(.text)
    .text                                    0x08000916   Section        0  dfixul.o(.text)
    .text                                    0x08000948   Section       48  cdrcmple.o(.text)
    .text                                    0x08000978   Section       36  init.o(.text)
    i.BusFault_Handler                       0x0800099c   Section        0  stm32f10x_it.o(i.BusFault_Handler)
    i.Comma_Pos                              0x080009a0   Section        0  app.o(i.Comma_Pos)
    i.DMA_Cmd                                0x080009d2   Section        0  stm32f10x_dma.o(i.DMA_Cmd)
    i.DMA_DeInit                             0x080009ec   Section        0  stm32f10x_dma.o(i.DMA_DeInit)
    i.DMA_GetCurrDataCounter                 0x08000b38   Section        0  stm32f10x_dma.o(i.DMA_GetCurrDataCounter)
    i.DMA_Init                               0x08000b40   Section        0  stm32f10x_dma.o(i.DMA_Init)
    i.DMA_SetCurrDataCounter                 0x08000b7c   Section        0  stm32f10x_dma.o(i.DMA_SetCurrDataCounter)
    i.DS18B20_GPIO_Config                    0x08000b80   Section        0  temp.o(i.DS18B20_GPIO_Config)
    DS18B20_GPIO_Config                      0x08000b81   Thumb Code    38  temp.o(i.DS18B20_GPIO_Config)
    i.DS18B20_GetTemp_SkipRom                0x08000bac   Section        0  temp.o(i.DS18B20_GetTemp_SkipRom)
    i.DS18B20_Init                           0x08000c1c   Section        0  temp.o(i.DS18B20_Init)
    i.DS18B20_Mode_IPU                       0x08000c38   Section        0  temp.o(i.DS18B20_Mode_IPU)
    DS18B20_Mode_IPU                         0x08000c39   Thumb Code    24  temp.o(i.DS18B20_Mode_IPU)
    i.DS18B20_Mode_Out_PP                    0x08000c54   Section        0  temp.o(i.DS18B20_Mode_Out_PP)
    DS18B20_Mode_Out_PP                      0x08000c55   Thumb Code    30  temp.o(i.DS18B20_Mode_Out_PP)
    i.DS18B20_Presence                       0x08000c78   Section        0  temp.o(i.DS18B20_Presence)
    DS18B20_Presence                         0x08000c79   Thumb Code    82  temp.o(i.DS18B20_Presence)
    i.DS18B20_ReadBit                        0x08000cd0   Section        0  temp.o(i.DS18B20_ReadBit)
    DS18B20_ReadBit                          0x08000cd1   Thumb Code    52  temp.o(i.DS18B20_ReadBit)
    i.DS18B20_ReadByte                       0x08000d08   Section        0  temp.o(i.DS18B20_ReadByte)
    DS18B20_ReadByte                         0x08000d09   Thumb Code    34  temp.o(i.DS18B20_ReadByte)
    i.DS18B20_ReadId                         0x08000d2a   Section        0  temp.o(i.DS18B20_ReadId)
    i.DS18B20_Rst                            0x08000d48   Section        0  temp.o(i.DS18B20_Rst)
    DS18B20_Rst                              0x08000d49   Thumb Code    38  temp.o(i.DS18B20_Rst)
    i.DS18B20_SkipRom                        0x08000d74   Section        0  temp.o(i.DS18B20_SkipRom)
    DS18B20_SkipRom                          0x08000d75   Thumb Code    18  temp.o(i.DS18B20_SkipRom)
    i.DS18B20_WriteByte                      0x08000d88   Section        0  temp.o(i.DS18B20_WriteByte)
    DS18B20_WriteByte                        0x08000d89   Thumb Code    88  temp.o(i.DS18B20_WriteByte)
    i.DebugMon_Handler                       0x08000de4   Section        0  stm32f10x_it.o(i.DebugMon_Handler)
    i.EXTI9_5_IRQHandler                     0x08000de8   Section        0  stm32f10x_it.o(i.EXTI9_5_IRQHandler)
    i.EXTI_ClearITPendingBit                 0x08000e08   Section        0  stm32f10x_exti.o(i.EXTI_ClearITPendingBit)
    i.EXTI_GetITStatus                       0x08000e14   Section        0  stm32f10x_exti.o(i.EXTI_GetITStatus)
    i.EXTI_Init                              0x08000e3c   Section        0  stm32f10x_exti.o(i.EXTI_Init)
    i.FSMC_NORSRAMCmd                        0x08000ed0   Section        0  stm32f10x_fsmc.o(i.FSMC_NORSRAMCmd)
    i.FSMC_NORSRAMInit                       0x08000f04   Section        0  stm32f10x_fsmc.o(i.FSMC_NORSRAMInit)
    i.GETPOS                                 0x08000fec   Section        0  app.o(i.GETPOS)
    i.GPIO_EXTILineConfig                    0x08001160   Section        0  stm32f10x_gpio.o(i.GPIO_EXTILineConfig)
    i.GPIO_Init                              0x080011a0   Section        0  stm32f10x_gpio.o(i.GPIO_Init)
    i.GPIO_ReadInputDataBit                  0x080012b6   Section        0  stm32f10x_gpio.o(i.GPIO_ReadInputDataBit)
    i.GPIO_ResetBits                         0x080012c8   Section        0  stm32f10x_gpio.o(i.GPIO_ResetBits)
    i.GPIO_SetBits                           0x080012cc   Section        0  stm32f10x_gpio.o(i.GPIO_SetBits)
    i.GPS_Analysis                           0x080012d0   Section        0  gps.o(i.GPS_Analysis)
    i.HardFault_Handler                      0x08001300   Section        0  stm32f10x_it.o(i.HardFault_Handler)
    i.ILI9341_BackLed_Control                0x08001304   Section        0  bsp_ili9341_lcd.o(i.ILI9341_BackLed_Control)
    i.ILI9341_Clear                          0x08001324   Section        0  bsp_ili9341_lcd.o(i.ILI9341_Clear)
    i.ILI9341_Delay                          0x0800134e   Section        0  bsp_ili9341_lcd.o(i.ILI9341_Delay)
    ILI9341_Delay                            0x0800134f   Thumb Code    18  bsp_ili9341_lcd.o(i.ILI9341_Delay)
    i.ILI9341_DispChar_EN                    0x08001360   Section        0  bsp_ili9341_lcd.o(i.ILI9341_DispChar_EN)
    i.ILI9341_DispString_EN                  0x080013cc   Section        0  bsp_ili9341_lcd.o(i.ILI9341_DispString_EN)
    i.ILI9341_FSMC_Config                    0x0800141e   Section        0  bsp_ili9341_lcd.o(i.ILI9341_FSMC_Config)
    ILI9341_FSMC_Config                      0x0800141f   Thumb Code   102  bsp_ili9341_lcd.o(i.ILI9341_FSMC_Config)
    i.ILI9341_FillColor                      0x08001484   Section        0  bsp_ili9341_lcd.o(i.ILI9341_FillColor)
    ILI9341_FillColor                        0x08001485   Thumb Code    32  bsp_ili9341_lcd.o(i.ILI9341_FillColor)
    i.ILI9341_GPIO_Config                    0x080014a4   Section        0  bsp_ili9341_lcd.o(i.ILI9341_GPIO_Config)
    ILI9341_GPIO_Config                      0x080014a5   Thumb Code   220  bsp_ili9341_lcd.o(i.ILI9341_GPIO_Config)
    i.ILI9341_Init                           0x0800158c   Section        0  bsp_ili9341_lcd.o(i.ILI9341_Init)
    i.ILI9341_OpenWindow                     0x080015a6   Section        0  bsp_ili9341_lcd.o(i.ILI9341_OpenWindow)
    i.ILI9341_REG_Config                     0x08001608   Section        0  bsp_ili9341_lcd.o(i.ILI9341_REG_Config)
    ILI9341_REG_Config                       0x08001609   Thumb Code   556  bsp_ili9341_lcd.o(i.ILI9341_REG_Config)
    i.ILI9341_Rst                            0x08001838   Section        0  bsp_ili9341_lcd.o(i.ILI9341_Rst)
    i.ILI9341_Write_Cmd                      0x08001864   Section        0  bsp_ili9341_lcd.o(i.ILI9341_Write_Cmd)
    i.ILI9341_Write_Data                     0x0800186c   Section        0  bsp_ili9341_lcd.o(i.ILI9341_Write_Data)
    i.Init_All                               0x08001874   Section        0  app.o(i.Init_All)
    i.LCD_Init                               0x080018b4   Section        0  bsp_lcd.o(i.LCD_Init)
    i.LED_Init                               0x080018c0   Section        0  led.o(i.LED_Init)
    i.MemManage_Handler                      0x080018f4   Section        0  stm32f10x_it.o(i.MemManage_Handler)
    i.NMEA_GGA_Analysis                      0x080018f8   Section        0  gps.o(i.NMEA_GGA_Analysis)
    i.NMEA_GSA_Analysis                      0x080019a4   Section        0  gps.o(i.NMEA_GSA_Analysis)
    i.NMEA_GSV_Analysis                      0x08001aa8   Section        0  gps.o(i.NMEA_GSV_Analysis)
    i.NMEA_RMC_Analysis                      0x08001c34   Section        0  gps.o(i.NMEA_RMC_Analysis)
    i.NMEA_VTG_Analysis                      0x08001edc   Section        0  gps.o(i.NMEA_VTG_Analysis)
    i.NMI_Handler                            0x08001f70   Section        0  stm32f10x_it.o(i.NMI_Handler)
    i.NVIC_Configuration                     0x08001f72   Section        0  sys.o(i.NVIC_Configuration)
    i.NVIC_Init                              0x08001f80   Section        0  misc.o(i.NVIC_Init)
    i.NVIC_PriorityGroupConfig               0x08001ff0   Section        0  misc.o(i.NVIC_PriorityGroupConfig)
    i.PendSV_Handler                         0x08002004   Section        0  stm32f10x_it.o(i.PendSV_Handler)
    i.Pow                                    0x08002006   Section        0  app.o(i.Pow)
    i.RCC_AHBPeriphClockCmd                  0x0800201c   Section        0  stm32f10x_rcc.o(i.RCC_AHBPeriphClockCmd)
    i.RCC_APB1PeriphClockCmd                 0x0800203c   Section        0  stm32f10x_rcc.o(i.RCC_APB1PeriphClockCmd)
    i.RCC_APB1PeriphResetCmd                 0x0800205c   Section        0  stm32f10x_rcc.o(i.RCC_APB1PeriphResetCmd)
    i.RCC_APB2PeriphClockCmd                 0x0800207c   Section        0  stm32f10x_rcc.o(i.RCC_APB2PeriphClockCmd)
    i.RCC_APB2PeriphResetCmd                 0x0800209c   Section        0  stm32f10x_rcc.o(i.RCC_APB2PeriphResetCmd)
    i.RCC_GetClocksFreq                      0x080020bc   Section        0  stm32f10x_rcc.o(i.RCC_GetClocksFreq)
    i.SIM_HANDLE_MESSAGE_CMD                 0x08002190   Section        0  sim900a.o(i.SIM_HANDLE_MESSAGE_CMD)
    i.SVC_Handler                            0x08002228   Section        0  stm32f10x_it.o(i.SVC_Handler)
    i.SetSysClock                            0x0800222a   Section        0  system_stm32f10x.o(i.SetSysClock)
    SetSysClock                              0x0800222b   Thumb Code     8  system_stm32f10x.o(i.SetSysClock)
    i.SetSysClockTo72                        0x08002234   Section        0  system_stm32f10x.o(i.SetSysClockTo72)
    SetSysClockTo72                          0x08002235   Thumb Code   214  system_stm32f10x.o(i.SetSysClockTo72)
    i.Str2num                                0x08002314   Section        0  app.o(i.Str2num)
    i.SysTick_CLKSourceConfig                0x0800240e   Section        0  misc.o(i.SysTick_CLKSourceConfig)
    i.SysTick_Handler                        0x08002436   Section        0  stm32f10x_it.o(i.SysTick_Handler)
    i.SystemInit                             0x08002438   Section        0  system_stm32f10x.o(i.SystemInit)
    i.TIM2_IRQHandler                        0x08002498   Section        0  usart3.o(i.TIM2_IRQHandler)
    i.TIM2_Init                              0x080024d4   Section        0  usart3.o(i.TIM2_Init)
    i.TIM2_Set                               0x08002528   Section        0  usart3.o(i.TIM2_Set)
    i.TIM3_IRQHandler                        0x08002550   Section        0  usart2.o(i.TIM3_IRQHandler)
    i.TIM3_Init                              0x08002590   Section        0  usart2.o(i.TIM3_Init)
    i.TIM3_Set                               0x080025e8   Section        0  usart2.o(i.TIM3_Set)
    i.TIM4_IRQHandler                        0x08002610   Section        0  usart1.o(i.TIM4_IRQHandler)
    i.TIM4_Init                              0x08002650   Section        0  usart1.o(i.TIM4_Init)
    i.TIM4_Set                               0x080026a8   Section        0  usart1.o(i.TIM4_Set)
    i.TIM5_IRQHandler                        0x080026d0   Section        0  uart4.o(i.TIM5_IRQHandler)
    i.TIM5_Set                               0x08002710   Section        0  uart4.o(i.TIM5_Set)
    i.TIM_ClearITPendingBit                  0x08002738   Section        0  stm32f10x_tim.o(i.TIM_ClearITPendingBit)
    i.TIM_Cmd                                0x0800273e   Section        0  stm32f10x_tim.o(i.TIM_Cmd)
    i.TIM_GetITStatus                        0x08002756   Section        0  stm32f10x_tim.o(i.TIM_GetITStatus)
    i.TIM_ITConfig                           0x08002778   Section        0  stm32f10x_tim.o(i.TIM_ITConfig)
    i.TIM_SetCounter                         0x0800278a   Section        0  stm32f10x_tim.o(i.TIM_SetCounter)
    i.TIM_TimeBaseInit                       0x08002790   Section        0  stm32f10x_tim.o(i.TIM_TimeBaseInit)
    i.UART4_IRQHandler                       0x08002834   Section        0  uart4.o(i.UART4_IRQHandler)
    i.UART_DMA_Config                        0x080028a8   Section        0  usart1.o(i.UART_DMA_Config)
    i.UART_DMA_Enable                        0x080028f0   Section        0  usart1.o(i.UART_DMA_Enable)
    i.USART1_IRQHandler                      0x08002910   Section        0  usart1.o(i.USART1_IRQHandler)
    i.USART1_Init                            0x08002980   Section        0  usart1.o(i.USART1_Init)
    i.USART2_IRQHandler                      0x08002a64   Section        0  usart2.o(i.USART2_IRQHandler)
    i.USART2_Init                            0x08002ad4   Section        0  usart2.o(i.USART2_Init)
    i.USART3_IRQHandler                      0x08002bb0   Section        0  usart3.o(i.USART3_IRQHandler)
    i.USART3_Init                            0x08002c20   Section        0  usart3.o(i.USART3_Init)
    i.USART_Cmd                              0x08002d04   Section        0  stm32f10x_usart.o(i.USART_Cmd)
    i.USART_DMACmd                           0x08002d1c   Section        0  stm32f10x_usart.o(i.USART_DMACmd)
    i.USART_DeInit                           0x08002d30   Section        0  stm32f10x_usart.o(i.USART_DeInit)
    i.USART_GetFlagStatus                    0x08002dcc   Section        0  stm32f10x_usart.o(i.USART_GetFlagStatus)
    i.USART_GetITStatus                      0x08002de6   Section        0  stm32f10x_usart.o(i.USART_GetITStatus)
    i.USART_ITConfig                         0x08002e3a   Section        0  stm32f10x_usart.o(i.USART_ITConfig)
    i.USART_Init                             0x08002e84   Section        0  stm32f10x_usart.o(i.USART_Init)
    i.USART_ReceiveData                      0x08002f5c   Section        0  stm32f10x_usart.o(i.USART_ReceiveData)
    i.UsageFault_Handler                     0x08002f66   Section        0  stm32f10x_it.o(i.UsageFault_Handler)
    i.XPT2046_EXTI_Config                    0x08002f6c   Section        0  bsp_xpt2046_lcd.o(i.XPT2046_EXTI_Config)
    XPT2046_EXTI_Config                      0x08002f6d   Thumb Code    76  bsp_xpt2046_lcd.o(i.XPT2046_EXTI_Config)
    i.XPT2046_EXTI_NVIC_Config               0x08002fbc   Section        0  bsp_xpt2046_lcd.o(i.XPT2046_EXTI_NVIC_Config)
    XPT2046_EXTI_NVIC_Config                 0x08002fbd   Thumb Code    40  bsp_xpt2046_lcd.o(i.XPT2046_EXTI_NVIC_Config)
    i.XPT2046_GPIO_SPI_Config                0x08002fe4   Section        0  bsp_xpt2046_lcd.o(i.XPT2046_GPIO_SPI_Config)
    XPT2046_GPIO_SPI_Config                  0x08002fe5   Thumb Code   120  bsp_xpt2046_lcd.o(i.XPT2046_GPIO_SPI_Config)
    i.XPT2046_Init                           0x08003064   Section        0  bsp_xpt2046_lcd.o(i.XPT2046_Init)
    i.__0sprintf                             0x08003070   Section        0  printfa.o(i.__0sprintf)
    i.__0vsprintf                            0x08003098   Section        0  printfa.o(i.__0vsprintf)
    i.__scatterload_copy                     0x080030bc   Section       14  handlers.o(i.__scatterload_copy)
    i.__scatterload_null                     0x080030ca   Section        2  handlers.o(i.__scatterload_null)
    i.__scatterload_zeroinit                 0x080030cc   Section       14  handlers.o(i.__scatterload_zeroinit)
    i._fp_digits                             0x080030dc   Section        0  printfa.o(i._fp_digits)
    _fp_digits                               0x080030dd   Thumb Code   334  printfa.o(i._fp_digits)
    i._printf_core                           0x08003240   Section        0  printfa.o(i._printf_core)
    _printf_core                             0x08003241   Thumb Code  1744  printfa.o(i._printf_core)
    i._printf_post_padding                   0x0800391c   Section        0  printfa.o(i._printf_post_padding)
    _printf_post_padding                     0x0800391d   Thumb Code    36  printfa.o(i._printf_post_padding)
    i._printf_pre_padding                    0x08003940   Section        0  printfa.o(i._printf_pre_padding)
    _printf_pre_padding                      0x08003941   Thumb Code    46  printfa.o(i._printf_pre_padding)
    i._sputc                                 0x0800396e   Section        0  printfa.o(i._sputc)
    _sputc                                   0x0800396f   Thumb Code    10  printfa.o(i._sputc)
    i.delay_init                             0x08003978   Section        0  delay.o(i.delay_init)
    i.delay_ms                               0x080039bc   Section        0  delay.o(i.delay_ms)
    i.delay_us                               0x08003a08   Section        0  delay.o(i.delay_us)
    i.main                                   0x08003a54   Section        0  main.o(i.main)
    i.sim900a_check_cmd                      0x08003c80   Section        0  sim900a.o(i.sim900a_check_cmd)
    i.sim900a_send_cmd                       0x08003cc0   Section        0  sim900a.o(i.sim900a_send_cmd)
    i.sim900a_sms_read                       0x08003d38   Section        0  sim900a.o(i.sim900a_sms_read)
    i.sim900a_sms_send                       0x08003dc4   Section        0  sim900a.o(i.sim900a_sms_send)
    i.sim900a_uart_analysis                  0x08003eac   Section        0  sim900a.o(i.sim900a_uart_analysis)
    i.u2_printf                              0x08003f18   Section        0  usart2.o(i.u2_printf)
    i.u3_printf                              0x08003f6c   Section        0  usart3.o(i.u3_printf)
    i.usart1_analysis                        0x08003fc0   Section        0  app.o(i.usart1_analysis)
    .constdata                               0x08004018   Section     1520  bsp_ili9341_lcd.o(.constdata)
    .conststring                             0x08004608   Section      140  main.o(.conststring)
    .data                                    0x20000000   Section       20  system_stm32f10x.o(.data)
    .data                                    0x20000014   Section       20  stm32f10x_rcc.o(.data)
    APBAHBPrescTable                         0x20000014   Data          16  stm32f10x_rcc.o(.data)
    ADCPrescTable                            0x20000024   Data           4  stm32f10x_rcc.o(.data)
    .data                                    0x20000028   Section       72  main.o(.data)
    .data                                    0x20000070   Section       49  bsp_xpt2046_lcd.o(.data)
    .data                                    0x200000a4   Section        8  uart4.o(.data)
    .data                                    0x200000ac   Section        2  usart1.o(.data)
    .data                                    0x200000ae   Section        2  usart2.o(.data)
    .data                                    0x200000b0   Section        2  usart3.o(.data)
    .data                                    0x200000b2   Section        4  delay.o(.data)
    fac_us                                   0x200000b2   Data           1  delay.o(.data)
    fac_ms                                   0x200000b4   Data           2  delay.o(.data)
    .bss                                     0x200000b8   Section    10662  main.o(.bss)
    .bss                                     0x20002a60   Section     2048  uart4.o(.bss)
    .bss                                     0x20003260   Section     1536  usart1.o(.bss)
    .bss                                     0x20003860   Section     8192  usart2.o(.bss)
    .bss                                     0x20005860   Section     8192  usart3.o(.bss)
    .bss                                     0x20007860   Section     8429  sim900a.o(.bss)
    STACK                                    0x20009950   Section     1024  startup_stm32f10x_hd.o(STACK)

    Global Symbols

    Symbol Name                              Value     Ov Type        Size  Object(Section)

    BuildAttributes$$THM_ISAv4$P$D$K$B$S$PE$A:L22UL41UL21$X:L11$S22US41US21$IEEE1$IW$USESV6$~STKCKD$USESV7$~SHL$OTIME$ROPI$EBA8$MICROLIB$REQ8$PRES8$EABIv2 0x00000000   Number         0  anon$$obj.o ABSOLUTE
    __ARM_use_no_argv                        0x00000000   Number         0  main.o ABSOLUTE
    __use_no_errno                           0x00000000   Number         0  useno.o ABSOLUTE
    __use_no_exception_handling              0x00000000   Number         0  useno.o ABSOLUTE
    __use_no_fp                              0x00000000   Number         0  useno.o ABSOLUTE
    __use_no_heap                            0x00000000   Number         0  useno.o ABSOLUTE
    __use_no_heap_region                     0x00000000   Number         0  useno.o ABSOLUTE
    __use_no_semihosting                     0x00000000   Number         0  useno.o ABSOLUTE
    __use_no_semihosting_swi                 0x00000000   Number         0  useno.o ABSOLUTE
    __use_no_signal_handling                 0x00000000   Number         0  useno.o ABSOLUTE
    _printf_a                                0x00000000   Number         0  stubs.o ABSOLUTE
    _printf_c                                0x00000000   Number         0  stubs.o ABSOLUTE
    _printf_charcount                        0x00000000   Number         0  stubs.o ABSOLUTE
    _printf_d                                0x00000000   Number         0  stubs.o ABSOLUTE
    _printf_e                                0x00000000   Number         0  stubs.o ABSOLUTE
    _printf_f                                0x00000000   Number         0  stubs.o ABSOLUTE
    _printf_flags                            0x00000000   Number         0  stubs.o ABSOLUTE
    _printf_fp_dec                           0x00000000   Number         0  stubs.o ABSOLUTE
    _printf_fp_hex                           0x00000000   Number         0  stubs.o ABSOLUTE
    _printf_g                                0x00000000   Number         0  stubs.o ABSOLUTE
    _printf_i                                0x00000000   Number         0  stubs.o ABSOLUTE
    _printf_int_dec                          0x00000000   Number         0  stubs.o ABSOLUTE
    _printf_l                                0x00000000   Number         0  stubs.o ABSOLUTE
    _printf_lc                               0x00000000   Number         0  stubs.o ABSOLUTE
    _printf_ll                               0x00000000   Number         0  stubs.o ABSOLUTE
    _printf_lld                              0x00000000   Number         0  stubs.o ABSOLUTE
    _printf_lli                              0x00000000   Number         0  stubs.o ABSOLUTE
    _printf_llo                              0x00000000   Number         0  stubs.o ABSOLUTE
    _printf_llu                              0x00000000   Number         0  stubs.o ABSOLUTE
    _printf_llx                              0x00000000   Number         0  stubs.o ABSOLUTE
    _printf_longlong_dec                     0x00000000   Number         0  stubs.o ABSOLUTE
    _printf_longlong_hex                     0x00000000   Number         0  stubs.o ABSOLUTE
    _printf_longlong_oct                     0x00000000   Number         0  stubs.o ABSOLUTE
    _printf_ls                               0x00000000   Number         0  stubs.o ABSOLUTE
    _printf_mbtowc                           0x00000000   Number         0  stubs.o ABSOLUTE
    _printf_n                                0x00000000   Number         0  stubs.o ABSOLUTE
    _printf_o                                0x00000000   Number         0  stubs.o ABSOLUTE
    _printf_p                                0x00000000   Number         0  stubs.o ABSOLUTE
    _printf_percent                          0x00000000   Number         0  stubs.o ABSOLUTE
    _printf_pre_padding                      0x00000000   Number         0  stubs.o ABSOLUTE
    _printf_return_value                     0x00000000   Number         0  stubs.o ABSOLUTE
    _printf_s                                0x00000000   Number         0  stubs.o ABSOLUTE
    _printf_sizespec                         0x00000000   Number         0  stubs.o ABSOLUTE
    _printf_str                              0x00000000   Number         0  stubs.o ABSOLUTE
    _printf_truncate_signed                  0x00000000   Number         0  stubs.o ABSOLUTE
    _printf_truncate_unsigned                0x00000000   Number         0  stubs.o ABSOLUTE
    _printf_u                                0x00000000   Number         0  stubs.o ABSOLUTE
    _printf_wc                               0x00000000   Number         0  stubs.o ABSOLUTE
    _printf_wctomb                           0x00000000   Number         0  stubs.o ABSOLUTE
    _printf_widthprec                        0x00000000   Number         0  stubs.o ABSOLUTE
    _printf_x                                0x00000000   Number         0  stubs.o ABSOLUTE
    __cpp_initialize__aeabi_                  - Undefined Weak Reference
    __cxa_finalize                            - Undefined Weak Reference
    __decompress                              - Undefined Weak Reference
    _clock_init                               - Undefined Weak Reference
    _microlib_exit                            - Undefined Weak Reference
    __Vectors_Size                           0x00000130   Number         0  startup_stm32f10x_hd.o ABSOLUTE
    __Vectors                                0x08000000   Data           4  startup_stm32f10x_hd.o(RESET)
    __Vectors_End                            0x08000130   Data           0  startup_stm32f10x_hd.o(RESET)
    __main                                   0x08000131   Thumb Code     0  entry.o(.ARM.Collect$$$$00000000)
    _main_stk                                0x08000131   Thumb Code     0  entry2.o(.ARM.Collect$$$$00000001)
    _main_scatterload                        0x08000135   Thumb Code     0  entry5.o(.ARM.Collect$$$$00000004)
    __main_after_scatterload                 0x08000139   Thumb Code     0  entry5.o(.ARM.Collect$$$$00000004)
    _main_clock                              0x08000139   Thumb Code     0  entry7b.o(.ARM.Collect$$$$00000008)
    _main_cpp_init                           0x08000139   Thumb Code     0  entry8b.o(.ARM.Collect$$$$0000000A)
    _main_init                               0x08000139   Thumb Code     0  entry9a.o(.ARM.Collect$$$$0000000B)
    __rt_final_cpp                           0x08000141   Thumb Code     0  entry10a.o(.ARM.Collect$$$$0000000D)
    __rt_final_exit                          0x08000141   Thumb Code     0  entry11a.o(.ARM.Collect$$$$0000000F)
    Reset_Handler                            0x08000145   Thumb Code     8  startup_stm32f10x_hd.o(.text)
    ADC1_2_IRQHandler                        0x0800015f   Thumb Code     0  startup_stm32f10x_hd.o(.text)
    ADC3_IRQHandler                          0x0800015f   Thumb Code     0  startup_stm32f10x_hd.o(.text)
    CAN1_RX1_IRQHandler                      0x0800015f   Thumb Code     0  startup_stm32f10x_hd.o(.text)
    CAN1_SCE_IRQHandler                      0x0800015f   Thumb Code     0  startup_stm32f10x_hd.o(.text)
    DMA1_Channel1_IRQHandler                 0x0800015f   Thumb Code     0  startup_stm32f10x_hd.o(.text)
    DMA1_Channel2_IRQHandler                 0x0800015f   Thumb Code     0  startup_stm32f10x_hd.o(.text)
    DMA1_Channel3_IRQHandler                 0x0800015f   Thumb Code     0  startup_stm32f10x_hd.o(.text)
    DMA1_Channel4_IRQHandler                 0x0800015f   Thumb Code     0  startup_stm32f10x_hd.o(.text)
    DMA1_Channel5_IRQHandler                 0x0800015f   Thumb Code     0  startup_stm32f10x_hd.o(.text)
    DMA1_Channel6_IRQHandler                 0x0800015f   Thumb Code     0  startup_stm32f10x_hd.o(.text)
    DMA1_Channel7_IRQHandler                 0x0800015f   Thumb Code     0  startup_stm32f10x_hd.o(.text)
    DMA2_Channel1_IRQHandler                 0x0800015f   Thumb Code     0  startup_stm32f10x_hd.o(.text)
    DMA2_Channel2_IRQHandler                 0x0800015f   Thumb Code     0  startup_stm32f10x_hd.o(.text)
    DMA2_Channel3_IRQHandler                 0x0800015f   Thumb Code     0  startup_stm32f10x_hd.o(.text)
    DMA2_Channel4_5_IRQHandler               0x0800015f   Thumb Code     0  startup_stm32f10x_hd.o(.text)
    EXTI0_IRQHandler                         0x0800015f   Thumb Code     0  startup_stm32f10x_hd.o(.text)
    EXTI15_10_IRQHandler                     0x0800015f   Thumb Code     0  startup_stm32f10x_hd.o(.text)
    EXTI1_IRQHandler                         0x0800015f   Thumb Code     0  startup_stm32f10x_hd.o(.text)
    EXTI2_IRQHandler                         0x0800015f   Thumb Code     0  startup_stm32f10x_hd.o(.text)
    EXTI3_IRQHandler                         0x0800015f   Thumb Code     0  startup_stm32f10x_hd.o(.text)
    EXTI4_IRQHandler                         0x0800015f   Thumb Code     0  startup_stm32f10x_hd.o(.text)
    FLASH_IRQHandler                         0x0800015f   Thumb Code     0  startup_stm32f10x_hd.o(.text)
    FSMC_IRQHandler                          0x0800015f   Thumb Code     0  startup_stm32f10x_hd.o(.text)
    I2C1_ER_IRQHandler                       0x0800015f   Thumb Code     0  startup_stm32f10x_hd.o(.text)
    I2C1_EV_IRQHandler                       0x0800015f   Thumb Code     0  startup_stm32f10x_hd.o(.text)
    I2C2_ER_IRQHandler                       0x0800015f   Thumb Code     0  startup_stm32f10x_hd.o(.text)
    I2C2_EV_IRQHandler                       0x0800015f   Thumb Code     0  startup_stm32f10x_hd.o(.text)
    PVD_IRQHandler                           0x0800015f   Thumb Code     0  startup_stm32f10x_hd.o(.text)
    RCC_IRQHandler                           0x0800015f   Thumb Code     0  startup_stm32f10x_hd.o(.text)
    RTCAlarm_IRQHandler                      0x0800015f   Thumb Code     0  startup_stm32f10x_hd.o(.text)
    RTC_IRQHandler                           0x0800015f   Thumb Code     0  startup_stm32f10x_hd.o(.text)
    SDIO_IRQHandler                          0x0800015f   Thumb Code     0  startup_stm32f10x_hd.o(.text)
    SPI1_IRQHandler                          0x0800015f   Thumb Code     0  startup_stm32f10x_hd.o(.text)
    SPI2_IRQHandler                          0x0800015f   Thumb Code     0  startup_stm32f10x_hd.o(.text)
    SPI3_IRQHandler                          0x0800015f   Thumb Code     0  startup_stm32f10x_hd.o(.text)
    TAMPER_IRQHandler                        0x0800015f   Thumb Code     0  startup_stm32f10x_hd.o(.text)
    TIM1_BRK_IRQHandler                      0x0800015f   Thumb Code     0  startup_stm32f10x_hd.o(.text)
    TIM1_CC_IRQHandler                       0x0800015f   Thumb Code     0  startup_stm32f10x_hd.o(.text)
    TIM1_TRG_COM_IRQHandler                  0x0800015f   Thumb Code     0  startup_stm32f10x_hd.o(.text)
    TIM1_UP_IRQHandler                       0x0800015f   Thumb Code     0  startup_stm32f10x_hd.o(.text)
    TIM6_IRQHandler                          0x0800015f   Thumb Code     0  startup_stm32f10x_hd.o(.text)
    TIM7_IRQHandler                          0x0800015f   Thumb Code     0  startup_stm32f10x_hd.o(.text)
    TIM8_BRK_IRQHandler                      0x0800015f   Thumb Code     0  startup_stm32f10x_hd.o(.text)
    TIM8_CC_IRQHandler                       0x0800015f   Thumb Code     0  startup_stm32f10x_hd.o(.text)
    TIM8_TRG_COM_IRQHandler                  0x0800015f   Thumb Code     0  startup_stm32f10x_hd.o(.text)
    TIM8_UP_IRQHandler                       0x0800015f   Thumb Code     0  startup_stm32f10x_hd.o(.text)
    UART5_IRQHandler                         0x0800015f   Thumb Code     0  startup_stm32f10x_hd.o(.text)
    USBWakeUp_IRQHandler                     0x0800015f   Thumb Code     0  startup_stm32f10x_hd.o(.text)
    USB_HP_CAN1_TX_IRQHandler                0x0800015f   Thumb Code     0  startup_stm32f10x_hd.o(.text)
    USB_LP_CAN1_RX0_IRQHandler               0x0800015f   Thumb Code     0  startup_stm32f10x_hd.o(.text)
    WWDG_IRQHandler                          0x0800015f   Thumb Code     0  startup_stm32f10x_hd.o(.text)
    strstr                                   0x08000169   Thumb Code    36  strstr.o(.text)
    strlen                                   0x0800018d   Thumb Code    14  strlen.o(.text)
    __aeabi_fadd                             0x0800019b   Thumb Code   164  fadd.o(.text)
    __aeabi_fsub                             0x0800023f   Thumb Code     6  fadd.o(.text)
    __aeabi_frsub                            0x08000245   Thumb Code     6  fadd.o(.text)
    __aeabi_fmul                             0x0800024b   Thumb Code   100  fmul.o(.text)
    __aeabi_fdiv                             0x080002af   Thumb Code   124  fdiv.o(.text)
    __aeabi_dadd                             0x0800032b   Thumb Code   322  dadd.o(.text)
    __aeabi_dsub                             0x0800046d   Thumb Code     6  dadd.o(.text)
    __aeabi_drsub                            0x08000473   Thumb Code     6  dadd.o(.text)
    __aeabi_dmul                             0x08000479   Thumb Code   228  dmul.o(.text)
    __aeabi_ddiv                             0x0800055d   Thumb Code   222  ddiv.o(.text)
    __aeabi_i2f                              0x0800063b   Thumb Code    18  fflti.o(.text)
    __aeabi_ui2f                             0x0800064d   Thumb Code    10  ffltui.o(.text)
    __aeabi_i2d                              0x08000657   Thumb Code    34  dflti.o(.text)
    __aeabi_f2uiz                            0x08000679   Thumb Code    40  ffixui.o(.text)
    __aeabi_f2d                              0x080006a1   Thumb Code    38  f2d.o(.text)
    __aeabi_d2f                              0x080006c7   Thumb Code    56  d2f.o(.text)
    __aeabi_uidiv                            0x080006ff   Thumb Code     0  uidiv.o(.text)
    __aeabi_uidivmod                         0x080006ff   Thumb Code    44  uidiv.o(.text)
    __aeabi_uldivmod                         0x0800072b   Thumb Code    98  uldiv.o(.text)
    __aeabi_llsl                             0x0800078d   Thumb Code    30  llshl.o(.text)
    _ll_shift_l                              0x0800078d   Thumb Code     0  llshl.o(.text)
    __aeabi_llsr                             0x080007ab   Thumb Code    32  llushr.o(.text)
    _ll_ushift_r                             0x080007ab   Thumb Code     0  llushr.o(.text)
    __aeabi_lasr                             0x080007cb   Thumb Code    36  llsshr.o(.text)
    _ll_sshift_r                             0x080007cb   Thumb Code     0  llsshr.o(.text)
    __I$use$fp                               0x080007ef   Thumb Code     0  iusefp.o(.text)
    _float_round                             0x080007ef   Thumb Code    18  fepilogue.o(.text)
    _float_epilogue                          0x08000801   Thumb Code    92  fepilogue.o(.text)
    _double_round                            0x0800085d   Thumb Code    30  depilogue.o(.text)
    _double_epilogue                         0x0800087b   Thumb Code   156  depilogue.o(.text)
    __aeabi_d2ulz                            0x08000917   Thumb Code    48  dfixul.o(.text)
    __aeabi_cdrcmple                         0x08000949   Thumb Code    48  cdrcmple.o(.text)
    __scatterload                            0x08000979   Thumb Code    28  init.o(.text)
    __scatterload_rt2                        0x08000979   Thumb Code     0  init.o(.text)
    BusFault_Handler                         0x0800099d   Thumb Code     4  stm32f10x_it.o(i.BusFault_Handler)
    Comma_Pos                                0x080009a1   Thumb Code    50  app.o(i.Comma_Pos)
    DMA_Cmd                                  0x080009d3   Thumb Code    24  stm32f10x_dma.o(i.DMA_Cmd)
    DMA_DeInit                               0x080009ed   Thumb Code   324  stm32f10x_dma.o(i.DMA_DeInit)
    DMA_GetCurrDataCounter                   0x08000b39   Thumb Code     8  stm32f10x_dma.o(i.DMA_GetCurrDataCounter)
    DMA_Init                                 0x08000b41   Thumb Code    60  stm32f10x_dma.o(i.DMA_Init)
    DMA_SetCurrDataCounter                   0x08000b7d   Thumb Code     4  stm32f10x_dma.o(i.DMA_SetCurrDataCounter)
    DS18B20_GetTemp_SkipRom                  0x08000bad   Thumb Code   108  temp.o(i.DS18B20_GetTemp_SkipRom)
    DS18B20_Init                             0x08000c1d   Thumb Code    24  temp.o(i.DS18B20_Init)
    DS18B20_ReadId                           0x08000d2b   Thumb Code    30  temp.o(i.DS18B20_ReadId)
    DebugMon_Handler                         0x08000de5   Thumb Code     2  stm32f10x_it.o(i.DebugMon_Handler)
    EXTI9_5_IRQHandler                       0x08000de9   Thumb Code    26  stm32f10x_it.o(i.EXTI9_5_IRQHandler)
    EXTI_ClearITPendingBit                   0x08000e09   Thumb Code     6  stm32f10x_exti.o(i.EXTI_ClearITPendingBit)
    EXTI_GetITStatus                         0x08000e15   Thumb Code    34  stm32f10x_exti.o(i.EXTI_GetITStatus)
    EXTI_Init                                0x08000e3d   Thumb Code   142  stm32f10x_exti.o(i.EXTI_Init)
    FSMC_NORSRAMCmd                          0x08000ed1   Thumb Code    46  stm32f10x_fsmc.o(i.FSMC_NORSRAMCmd)
    FSMC_NORSRAMInit                         0x08000f05   Thumb Code   230  stm32f10x_fsmc.o(i.FSMC_NORSRAMInit)
    GETPOS                                   0x08000fed   Thumb Code   278  app.o(i.GETPOS)
    GPIO_EXTILineConfig                      0x08001161   Thumb Code    60  stm32f10x_gpio.o(i.GPIO_EXTILineConfig)
    GPIO_Init                                0x080011a1   Thumb Code   278  stm32f10x_gpio.o(i.GPIO_Init)
    GPIO_ReadInputDataBit                    0x080012b7   Thumb Code    18  stm32f10x_gpio.o(i.GPIO_ReadInputDataBit)
    GPIO_ResetBits                           0x080012c9   Thumb Code     4  stm32f10x_gpio.o(i.GPIO_ResetBits)
    GPIO_SetBits                             0x080012cd   Thumb Code     4  stm32f10x_gpio.o(i.GPIO_SetBits)
    GPS_Analysis                             0x080012d1   Thumb Code    48  gps.o(i.GPS_Analysis)
    HardFault_Handler                        0x08001301   Thumb Code     4  stm32f10x_it.o(i.HardFault_Handler)
    ILI9341_BackLed_Control                  0x08001305   Thumb Code    26  bsp_ili9341_lcd.o(i.ILI9341_BackLed_Control)
    ILI9341_Clear                            0x08001325   Thumb Code    42  bsp_ili9341_lcd.o(i.ILI9341_Clear)
    ILI9341_DispChar_EN                      0x08001361   Thumb Code   104  bsp_ili9341_lcd.o(i.ILI9341_DispChar_EN)
    ILI9341_DispString_EN                    0x080013cd   Thumb Code    82  bsp_ili9341_lcd.o(i.ILI9341_DispString_EN)
    ILI9341_Init                             0x0800158d   Thumb Code    26  bsp_ili9341_lcd.o(i.ILI9341_Init)
    ILI9341_OpenWindow                       0x080015a7   Thumb Code    96  bsp_ili9341_lcd.o(i.ILI9341_OpenWindow)
    ILI9341_Rst                              0x08001839   Thumb Code    36  bsp_ili9341_lcd.o(i.ILI9341_Rst)
    ILI9341_Write_Cmd                        0x08001865   Thumb Code     8  bsp_ili9341_lcd.o(i.ILI9341_Write_Cmd)
    ILI9341_Write_Data                       0x0800186d   Thumb Code     8  bsp_ili9341_lcd.o(i.ILI9341_Write_Data)
    Init_All                                 0x08001875   Thumb Code    54  app.o(i.Init_All)
    LCD_Init                                 0x080018b5   Thumb Code    12  bsp_lcd.o(i.LCD_Init)
    LED_Init                                 0x080018c1   Thumb Code    46  led.o(i.LED_Init)
    MemManage_Handler                        0x080018f5   Thumb Code     4  stm32f10x_it.o(i.MemManage_Handler)
    NMEA_GGA_Analysis                        0x080018f9   Thumb Code   140  gps.o(i.NMEA_GGA_Analysis)
    NMEA_GSA_Analysis                        0x080019a5   Thumb Code   226  gps.o(i.NMEA_GSA_Analysis)
    NMEA_GSV_Analysis                        0x08001aa9   Thumb Code   364  gps.o(i.NMEA_GSV_Analysis)
    NMEA_RMC_Analysis                        0x08001c35   Thumb Code   642  gps.o(i.NMEA_RMC_Analysis)
    NMEA_VTG_Analysis                        0x08001edd   Thumb Code   114  gps.o(i.NMEA_VTG_Analysis)
    NMI_Handler                              0x08001f71   Thumb Code     2  stm32f10x_it.o(i.NMI_Handler)
    NVIC_Configuration                       0x08001f73   Thumb Code    12  sys.o(i.NVIC_Configuration)
    NVIC_Init                                0x08001f81   Thumb Code   100  misc.o(i.NVIC_Init)
    NVIC_PriorityGroupConfig                 0x08001ff1   Thumb Code    10  misc.o(i.NVIC_PriorityGroupConfig)
    PendSV_Handler                           0x08002005   Thumb Code     2  stm32f10x_it.o(i.PendSV_Handler)
    Pow                                      0x08002007   Thumb Code    22  app.o(i.Pow)
    RCC_AHBPeriphClockCmd                    0x0800201d   Thumb Code    26  stm32f10x_rcc.o(i.RCC_AHBPeriphClockCmd)
    RCC_APB1PeriphClockCmd                   0x0800203d   Thumb Code    26  stm32f10x_rcc.o(i.RCC_APB1PeriphClockCmd)
    RCC_APB1PeriphResetCmd                   0x0800205d   Thumb Code    26  stm32f10x_rcc.o(i.RCC_APB1PeriphResetCmd)
    RCC_APB2PeriphClockCmd                   0x0800207d   Thumb Code    26  stm32f10x_rcc.o(i.RCC_APB2PeriphClockCmd)
    RCC_APB2PeriphResetCmd                   0x0800209d   Thumb Code    26  stm32f10x_rcc.o(i.RCC_APB2PeriphResetCmd)
    RCC_GetClocksFreq                        0x080020bd   Thumb Code   192  stm32f10x_rcc.o(i.RCC_GetClocksFreq)
    SIM_HANDLE_MESSAGE_CMD                   0x08002191   Thumb Code   112  sim900a.o(i.SIM_HANDLE_MESSAGE_CMD)
    SVC_Handler                              0x08002229   Thumb Code     2  stm32f10x_it.o(i.SVC_Handler)
    Str2num                                  0x08002315   Thumb Code   250  app.o(i.Str2num)
    SysTick_CLKSourceConfig                  0x0800240f   Thumb Code    40  misc.o(i.SysTick_CLKSourceConfig)
    SysTick_Handler                          0x08002437   Thumb Code     2  stm32f10x_it.o(i.SysTick_Handler)
    SystemInit                               0x08002439   Thumb Code    78  system_stm32f10x.o(i.SystemInit)
    TIM2_IRQHandler                          0x08002499   Thumb Code    52  usart3.o(i.TIM2_IRQHandler)
    TIM2_Init                                0x080024d5   Thumb Code    84  usart3.o(i.TIM2_Init)
    TIM2_Set                                 0x08002529   Thumb Code    38  usart3.o(i.TIM2_Set)
    TIM3_IRQHandler                          0x08002551   Thumb Code    52  usart2.o(i.TIM3_IRQHandler)
    TIM3_Init                                0x08002591   Thumb Code    82  usart2.o(i.TIM3_Init)
    TIM3_Set                                 0x080025e9   Thumb Code    34  usart2.o(i.TIM3_Set)
    TIM4_IRQHandler                          0x08002611   Thumb Code    52  usart1.o(i.TIM4_IRQHandler)
    TIM4_Init                                0x08002651   Thumb Code    82  usart1.o(i.TIM4_Init)
    TIM4_Set                                 0x080026a9   Thumb Code    34  usart1.o(i.TIM4_Set)
    TIM5_IRQHandler                          0x080026d1   Thumb Code    52  uart4.o(i.TIM5_IRQHandler)
    TIM5_Set                                 0x08002711   Thumb Code    34  uart4.o(i.TIM5_Set)
    TIM_ClearITPendingBit                    0x08002739   Thumb Code     6  stm32f10x_tim.o(i.TIM_ClearITPendingBit)
    TIM_Cmd                                  0x0800273f   Thumb Code    24  stm32f10x_tim.o(i.TIM_Cmd)
    TIM_GetITStatus                          0x08002757   Thumb Code    34  stm32f10x_tim.o(i.TIM_GetITStatus)
    TIM_ITConfig                             0x08002779   Thumb Code    18  stm32f10x_tim.o(i.TIM_ITConfig)
    TIM_SetCounter                           0x0800278b   Thumb Code     4  stm32f10x_tim.o(i.TIM_SetCounter)
    TIM_TimeBaseInit                         0x08002791   Thumb Code   122  stm32f10x_tim.o(i.TIM_TimeBaseInit)
    UART4_IRQHandler                         0x08002835   Thumb Code   100  uart4.o(i.UART4_IRQHandler)
    UART_DMA_Config                          0x080028a9   Thumb Code    72  usart1.o(i.UART_DMA_Config)
    UART_DMA_Enable                          0x080028f1   Thumb Code    32  usart1.o(i.UART_DMA_Enable)
    USART1_IRQHandler                        0x08002911   Thumb Code    96  usart1.o(i.USART1_IRQHandler)
    USART1_Init                              0x08002981   Thumb Code   206  usart1.o(i.USART1_Init)
    USART2_IRQHandler                        0x08002a65   Thumb Code    96  usart2.o(i.USART2_IRQHandler)
    USART2_Init                              0x08002ad5   Thumb Code   200  usart2.o(i.USART2_Init)
    USART3_IRQHandler                        0x08002bb1   Thumb Code    98  usart3.o(i.USART3_IRQHandler)
    USART3_Init                              0x08002c21   Thumb Code   206  usart3.o(i.USART3_Init)
    USART_Cmd                                0x08002d05   Thumb Code    24  stm32f10x_usart.o(i.USART_Cmd)
    USART_DMACmd                             0x08002d1d   Thumb Code    18  stm32f10x_usart.o(i.USART_DMACmd)
    USART_DeInit                             0x08002d31   Thumb Code   134  stm32f10x_usart.o(i.USART_DeInit)
    USART_GetFlagStatus                      0x08002dcd   Thumb Code    26  stm32f10x_usart.o(i.USART_GetFlagStatus)
    USART_GetITStatus                        0x08002de7   Thumb Code    84  stm32f10x_usart.o(i.USART_GetITStatus)
    USART_ITConfig                           0x08002e3b   Thumb Code    74  stm32f10x_usart.o(i.USART_ITConfig)
    USART_Init                               0x08002e85   Thumb Code   210  stm32f10x_usart.o(i.USART_Init)
    USART_ReceiveData                        0x08002f5d   Thumb Code    10  stm32f10x_usart.o(i.USART_ReceiveData)
    UsageFault_Handler                       0x08002f67   Thumb Code     4  stm32f10x_it.o(i.UsageFault_Handler)
    XPT2046_Init                             0x08003065   Thumb Code    12  bsp_xpt2046_lcd.o(i.XPT2046_Init)
    __0sprintf                               0x08003071   Thumb Code    34  printfa.o(i.__0sprintf)
    __1sprintf                               0x08003071   Thumb Code     0  printfa.o(i.__0sprintf)
    __2sprintf                               0x08003071   Thumb Code     0  printfa.o(i.__0sprintf)
    __c89sprintf                             0x08003071   Thumb Code     0  printfa.o(i.__0sprintf)
    sprintf                                  0x08003071   Thumb Code     0  printfa.o(i.__0sprintf)
    __0vsprintf                              0x08003099   Thumb Code    30  printfa.o(i.__0vsprintf)
    __1vsprintf                              0x08003099   Thumb Code     0  printfa.o(i.__0vsprintf)
    __2vsprintf                              0x08003099   Thumb Code     0  printfa.o(i.__0vsprintf)
    __c89vsprintf                            0x08003099   Thumb Code     0  printfa.o(i.__0vsprintf)
    vsprintf                                 0x08003099   Thumb Code     0  printfa.o(i.__0vsprintf)
    __scatterload_copy                       0x080030bd   Thumb Code    14  handlers.o(i.__scatterload_copy)
    __scatterload_null                       0x080030cb   Thumb Code     2  handlers.o(i.__scatterload_null)
    __scatterload_zeroinit                   0x080030cd   Thumb Code    14  handlers.o(i.__scatterload_zeroinit)
    delay_init                               0x08003979   Thumb Code    50  delay.o(i.delay_init)
    delay_ms                                 0x080039bd   Thumb Code    72  delay.o(i.delay_ms)
    delay_us                                 0x08003a09   Thumb Code    72  delay.o(i.delay_us)
    main                                     0x08003a55   Thumb Code   478  main.o(i.main)
    sim900a_check_cmd                        0x08003c81   Thumb Code    56  sim900a.o(i.sim900a_check_cmd)
    sim900a_send_cmd                         0x08003cc1   Thumb Code   104  sim900a.o(i.sim900a_send_cmd)
    sim900a_sms_read                         0x08003d39   Thumb Code    86  sim900a.o(i.sim900a_sms_read)
    sim900a_sms_send                         0x08003dc5   Thumb Code   130  sim900a.o(i.sim900a_sms_send)
    sim900a_uart_analysis                    0x08003ead   Thumb Code    76  sim900a.o(i.sim900a_uart_analysis)
    u2_printf                                0x08003f19   Thumb Code    70  usart2.o(i.u2_printf)
    u3_printf                                0x08003f6d   Thumb Code    70  usart3.o(i.u3_printf)
    usart1_analysis                          0x08003fc1   Thumb Code    68  app.o(i.usart1_analysis)
    ucAscii_1608                             0x08004018   Data        1520  bsp_ili9341_lcd.o(.constdata)
    Region$$Table$$Base                      0x08004694   Number         0  anon$$obj.o(Region$$Table)
    Region$$Table$$Limit                     0x080046b4   Number         0  anon$$obj.o(Region$$Table)
    SystemCoreClock                          0x20000000   Data           4  system_stm32f10x.o(.data)
    AHBPrescTable                            0x20000004   Data          16  system_stm32f10x.o(.data)
    gnss_num                                 0x20000028   Data           1  main.o(.data)
    gnss_mode                                0x20000029   Data           1  main.o(.data)
    gnss_rate                                0x2000002a   Data           2  main.o(.data)
    id                                       0x2000002c   Data           4  main.o(.data)
    flash                                    0x20000030   Data           2  main.o(.data)
    fixmode_tbl                              0x20000034   Data          16  main.o(.data)
    fixmode_tbl_eng                          0x20000044   Data          16  main.o(.data)
    gnss_tbl                                 0x20000054   Data          28  main.o(.data)
    strXPT2046_TouchPara                     0x20000070   Data          48  bsp_xpt2046_lcd.o(.data)
    ucXPT2046_TouchFlag                      0x200000a0   Data           1  bsp_xpt2046_lcd.o(.data)
    UART4_RX_STA                             0x200000a4   Data           2  uart4.o(.data)
    __stdout                                 0x200000a8   Data           4  uart4.o(.data)
    USART1_RX_STA                            0x200000ac   Data           2  usart1.o(.data)
    USART2_RX_STA                            0x200000ae   Data           2  usart2.o(.data)
    USART3_RX_STA                            0x200000b0   Data           2  usart3.o(.data)
    gpsx                                     0x200000b8   Data         105  main.o(.bss)
    phone                                    0x20000121   Data          17  main.o(.bss)
    POS                                      0x20000132   Data         100  main.o(.bss)
    POSS                                     0x20000196   Data         100  main.o(.bss)
    TEMP                                     0x200001fa   Data         100  main.o(.bss)
    TEMP_BUF1                                0x2000025e   Data        1024  main.o(.bss)
    TEMP_BUF2                                0x2000065e   Data        4096  main.o(.bss)
    TEMP_BUF3                                0x2000165e   Data        4096  main.o(.bss)
    TEMP_BUF4                                0x2000265e   Data        1024  main.o(.bss)
    UART4_TX_BUF                             0x20002a60   Data        1024  uart4.o(.bss)
    UART4_RX_BUF                             0x20002e60   Data        1024  uart4.o(.bss)
    USART1_TX_BUF                            0x20003260   Data         512  usart1.o(.bss)
    USART1_RX_BUF                            0x20003460   Data        1024  usart1.o(.bss)
    USART2_TX_BUF                            0x20003860   Data        4096  usart2.o(.bss)
    USART2_RX_BUF                            0x20004860   Data        4096  usart2.o(.bss)
    USART3_TX_BUF                            0x20005860   Data        4096  usart3.o(.bss)
    USART3_RX_BUF                            0x20006860   Data        4096  usart3.o(.bss)
    GSM_SEND_BUF                             0x20007860   Data        4096  sim900a.o(.bss)
    GSM_BUF                                  0x20008860   Data          50  sim900a.o(.bss)
    GSM_ANALYSIS_BUF                         0x20008892   Data        4096  sim900a.o(.bss)
    checknum                                 0x20009892   Data         187  sim900a.o(.bss)
    __initial_sp                             0x20009d50   Data           0  startup_stm32f10x_hd.o(STACK)



==============================================================================

Memory Map of the image

  Image Entry point : 0x08000131

  Load Region LR_IROM1 (Base: 0x08000000, Size: 0x0000476c, Max: 0x00080000, ABSOLUTE)

    Execution Region ER_IROM1 (Base: 0x08000000, Size: 0x000046b4, Max: 0x00080000, ABSOLUTE)

    Base Addr    Size         Type   Attr      Idx    E Section Name        Object

    0x08000000   0x00000130   Data   RO            3    RESET               startup_stm32f10x_hd.o
    0x08000130   0x00000000   Code   RO         4206  * .ARM.Collect$$$$00000000  mc_w.l(entry.o)
    0x08000130   0x00000004   Code   RO         4506    .ARM.Collect$$$$00000001  mc_w.l(entry2.o)
    0x08000134   0x00000004   Code   RO         4509    .ARM.Collect$$$$00000004  mc_w.l(entry5.o)
    0x08000138   0x00000000   Code   RO         4511    .ARM.Collect$$$$00000008  mc_w.l(entry7b.o)
    0x08000138   0x00000000   Code   RO         4513    .ARM.Collect$$$$0000000A  mc_w.l(entry8b.o)
    0x08000138   0x00000008   Code   RO         4514    .ARM.Collect$$$$0000000B  mc_w.l(entry9a.o)
    0x08000140   0x00000000   Code   RO         4516    .ARM.Collect$$$$0000000D  mc_w.l(entry10a.o)
    0x08000140   0x00000000   Code   RO         4518    .ARM.Collect$$$$0000000F  mc_w.l(entry11a.o)
    0x08000140   0x00000004   Code   RO         4507    .ARM.Collect$$$$00002712  mc_w.l(entry2.o)
    0x08000144   0x00000024   Code   RO            4    .text               startup_stm32f10x_hd.o
    0x08000168   0x00000024   Code   RO         4211    .text               mc_w.l(strstr.o)
    0x0800018c   0x0000000e   Code   RO         4213    .text               mc_w.l(strlen.o)
    0x0800019a   0x000000b0   Code   RO         4476    .text               mf_w.l(fadd.o)
    0x0800024a   0x00000064   Code   RO         4478    .text               mf_w.l(fmul.o)
    0x080002ae   0x0000007c   Code   RO         4480    .text               mf_w.l(fdiv.o)
    0x0800032a   0x0000014e   Code   RO         4482    .text               mf_w.l(dadd.o)
    0x08000478   0x000000e4   Code   RO         4484    .text               mf_w.l(dmul.o)
    0x0800055c   0x000000de   Code   RO         4486    .text               mf_w.l(ddiv.o)
    0x0800063a   0x00000012   Code   RO         4488    .text               mf_w.l(fflti.o)
    0x0800064c   0x0000000a   Code   RO         4490    .text               mf_w.l(ffltui.o)
    0x08000656   0x00000022   Code   RO         4492    .text               mf_w.l(dflti.o)
    0x08000678   0x00000028   Code   RO         4496    .text               mf_w.l(ffixui.o)
    0x080006a0   0x00000026   Code   RO         4500    .text               mf_w.l(f2d.o)
    0x080006c6   0x00000038   Code   RO         4504    .text               mf_w.l(d2f.o)
    0x080006fe   0x0000002c   Code   RO         4520    .text               mc_w.l(uidiv.o)
    0x0800072a   0x00000062   Code   RO         4522    .text               mc_w.l(uldiv.o)
    0x0800078c   0x0000001e   Code   RO         4524    .text               mc_w.l(llshl.o)
    0x080007aa   0x00000020   Code   RO         4526    .text               mc_w.l(llushr.o)
    0x080007ca   0x00000024   Code   RO         4528    .text               mc_w.l(llsshr.o)
    0x080007ee   0x00000000   Code   RO         4530    .text               mc_w.l(iusefp.o)
    0x080007ee   0x0000006e   Code   RO         4531    .text               mf_w.l(fepilogue.o)
    0x0800085c   0x000000ba   Code   RO         4533    .text               mf_w.l(depilogue.o)
    0x08000916   0x00000030   Code   RO         4535    .text               mf_w.l(dfixul.o)
    0x08000946   0x00000002   PAD
    0x08000948   0x00000030   Code   RO         4537    .text               mf_w.l(cdrcmple.o)
    0x08000978   0x00000024   Code   RO         4539    .text               mc_w.l(init.o)
    0x0800099c   0x00000004   Code   RO         3205    i.BusFault_Handler  stm32f10x_it.o
    0x080009a0   0x00000032   Code   RO         3976    i.Comma_Pos         app.o
    0x080009d2   0x00000018   Code   RO          868    i.DMA_Cmd           stm32f10x_dma.o
    0x080009ea   0x00000002   PAD
    0x080009ec   0x0000014c   Code   RO          869    i.DMA_DeInit        stm32f10x_dma.o
    0x08000b38   0x00000008   Code   RO          870    i.DMA_GetCurrDataCounter  stm32f10x_dma.o
    0x08000b40   0x0000003c   Code   RO          874    i.DMA_Init          stm32f10x_dma.o
    0x08000b7c   0x00000004   Code   RO          875    i.DMA_SetCurrDataCounter  stm32f10x_dma.o
    0x08000b80   0x0000002c   Code   RO         4057    i.DS18B20_GPIO_Config  temp.o
    0x08000bac   0x00000070   Code   RO         4059    i.DS18B20_GetTemp_SkipRom  temp.o
    0x08000c1c   0x0000001c   Code   RO         4060    i.DS18B20_Init      temp.o
    0x08000c38   0x0000001c   Code   RO         4062    i.DS18B20_Mode_IPU  temp.o
    0x08000c54   0x00000024   Code   RO         4063    i.DS18B20_Mode_Out_PP  temp.o
    0x08000c78   0x00000058   Code   RO         4064    i.DS18B20_Presence  temp.o
    0x08000cd0   0x00000038   Code   RO         4065    i.DS18B20_ReadBit   temp.o
    0x08000d08   0x00000022   Code   RO         4066    i.DS18B20_ReadByte  temp.o
    0x08000d2a   0x0000001e   Code   RO         4067    i.DS18B20_ReadId    temp.o
    0x08000d48   0x0000002c   Code   RO         4068    i.DS18B20_Rst       temp.o
    0x08000d74   0x00000012   Code   RO         4069    i.DS18B20_SkipRom   temp.o
    0x08000d86   0x00000002   PAD
    0x08000d88   0x0000005c   Code   RO         4070    i.DS18B20_WriteByte  temp.o
    0x08000de4   0x00000002   Code   RO         3206    i.DebugMon_Handler  stm32f10x_it.o
    0x08000de6   0x00000002   PAD
    0x08000de8   0x00000020   Code   RO         3207    i.EXTI9_5_IRQHandler  stm32f10x_it.o
    0x08000e08   0x0000000c   Code   RO          939    i.EXTI_ClearITPendingBit  stm32f10x_exti.o
    0x08000e14   0x00000028   Code   RO          943    i.EXTI_GetITStatus  stm32f10x_exti.o
    0x08000e3c   0x00000094   Code   RO          944    i.EXTI_Init         stm32f10x_exti.o
    0x08000ed0   0x00000034   Code   RO         1177    i.FSMC_NORSRAMCmd   stm32f10x_fsmc.o
    0x08000f04   0x000000e6   Code   RO         1179    i.FSMC_NORSRAMInit  stm32f10x_fsmc.o
    0x08000fea   0x00000002   PAD
    0x08000fec   0x00000174   Code   RO         3977    i.GETPOS            app.o
    0x08001160   0x00000040   Code   RO         1289    i.GPIO_EXTILineConfig  stm32f10x_gpio.o
    0x080011a0   0x00000116   Code   RO         1292    i.GPIO_Init         stm32f10x_gpio.o
    0x080012b6   0x00000012   Code   RO         1296    i.GPIO_ReadInputDataBit  stm32f10x_gpio.o
    0x080012c8   0x00000004   Code   RO         1299    i.GPIO_ResetBits    stm32f10x_gpio.o
    0x080012cc   0x00000004   Code   RO         1300    i.GPIO_SetBits      stm32f10x_gpio.o
    0x080012d0   0x00000030   Code   RO         3555    i.GPS_Analysis      gps.o
    0x08001300   0x00000004   Code   RO         3208    i.HardFault_Handler  stm32f10x_it.o
    0x08001304   0x00000020   Code   RO         3274    i.ILI9341_BackLed_Control  bsp_ili9341_lcd.o
    0x08001324   0x0000002a   Code   RO         3275    i.ILI9341_Clear     bsp_ili9341_lcd.o
    0x0800134e   0x00000012   Code   RO         3276    i.ILI9341_Delay     bsp_ili9341_lcd.o
    0x08001360   0x0000006c   Code   RO         3278    i.ILI9341_DispChar_EN  bsp_ili9341_lcd.o
    0x080013cc   0x00000052   Code   RO         3280    i.ILI9341_DispString_EN  bsp_ili9341_lcd.o
    0x0800141e   0x00000066   Code   RO         3285    i.ILI9341_FSMC_Config  bsp_ili9341_lcd.o
    0x08001484   0x00000020   Code   RO         3286    i.ILI9341_FillColor  bsp_ili9341_lcd.o
    0x080014a4   0x000000e8   Code   RO         3287    i.ILI9341_GPIO_Config  bsp_ili9341_lcd.o
    0x0800158c   0x0000001a   Code   RO         3290    i.ILI9341_Init      bsp_ili9341_lcd.o
    0x080015a6   0x00000060   Code   RO         3291    i.ILI9341_OpenWindow  bsp_ili9341_lcd.o
    0x08001606   0x00000002   PAD
    0x08001608   0x00000230   Code   RO         3292    i.ILI9341_REG_Config  bsp_ili9341_lcd.o
    0x08001838   0x0000002c   Code   RO         3294    i.ILI9341_Rst       bsp_ili9341_lcd.o
    0x08001864   0x00000008   Code   RO         3411    i.ILI9341_Write_Cmd  bsp_ili9341_lcd.o
    0x0800186c   0x00000008   Code   RO         3416    i.ILI9341_Write_Data  bsp_ili9341_lcd.o
    0x08001874   0x00000040   Code   RO         3978    i.Init_All          app.o
    0x080018b4   0x0000000c   Code   RO         3536    i.LCD_Init          bsp_lcd.o
    0x080018c0   0x00000034   Code   RO         3669    i.LED_Init          led.o
    0x080018f4   0x00000004   Code   RO         3209    i.MemManage_Handler  stm32f10x_it.o
    0x080018f8   0x000000ac   Code   RO         3557    i.NMEA_GGA_Analysis  gps.o
    0x080019a4   0x00000104   Code   RO         3558    i.NMEA_GSA_Analysis  gps.o
    0x08001aa8   0x0000018c   Code   RO         3559    i.NMEA_GSV_Analysis  gps.o
    0x08001c34   0x000002a8   Code   RO         3560    i.NMEA_RMC_Analysis  gps.o
    0x08001edc   0x00000094   Code   RO         3561    i.NMEA_VTG_Analysis  gps.o
    0x08001f70   0x00000002   Code   RO         3210    i.NMI_Handler       stm32f10x_it.o
    0x08001f72   0x0000000c   Code   RO         4019    i.NVIC_Configuration  sys.o
    0x08001f7e   0x00000002   PAD
    0x08001f80   0x00000070   Code   RO          137    i.NVIC_Init         misc.o
    0x08001ff0   0x00000014   Code   RO          138    i.NVIC_PriorityGroupConfig  misc.o
    0x08002004   0x00000002   Code   RO         3211    i.PendSV_Handler    stm32f10x_it.o
    0x08002006   0x00000016   Code   RO         3979    i.Pow               app.o
    0x0800201c   0x00000020   Code   RO         1707    i.RCC_AHBPeriphClockCmd  stm32f10x_rcc.o
    0x0800203c   0x00000020   Code   RO         1708    i.RCC_APB1PeriphClockCmd  stm32f10x_rcc.o
    0x0800205c   0x00000020   Code   RO         1709    i.RCC_APB1PeriphResetCmd  stm32f10x_rcc.o
    0x0800207c   0x00000020   Code   RO         1710    i.RCC_APB2PeriphClockCmd  stm32f10x_rcc.o
    0x0800209c   0x00000020   Code   RO         1711    i.RCC_APB2PeriphResetCmd  stm32f10x_rcc.o
    0x080020bc   0x000000d4   Code   RO         1718    i.RCC_GetClocksFreq  stm32f10x_rcc.o
    0x08002190   0x00000098   Code   RO         4137    i.SIM_HANDLE_MESSAGE_CMD  sim900a.o
    0x08002228   0x00000002   Code   RO         3212    i.SVC_Handler       stm32f10x_it.o
    0x0800222a   0x00000008   Code   RO           24    i.SetSysClock       system_stm32f10x.o
    0x08002232   0x00000002   PAD
    0x08002234   0x000000e0   Code   RO           25    i.SetSysClockTo72   system_stm32f10x.o
    0x08002314   0x000000fa   Code   RO         3980    i.Str2num           app.o
    0x0800240e   0x00000028   Code   RO          141    i.SysTick_CLKSourceConfig  misc.o
    0x08002436   0x00000002   Code   RO         3213    i.SysTick_Handler   stm32f10x_it.o
    0x08002438   0x00000060   Code   RO           27    i.SystemInit        system_stm32f10x.o
    0x08002498   0x0000003c   Code   RO         3923    i.TIM2_IRQHandler   usart3.o
    0x080024d4   0x00000054   Code   RO         3924    i.TIM2_Init         usart3.o
    0x08002528   0x00000026   Code   RO         3925    i.TIM2_Set          usart3.o
    0x0800254e   0x00000002   PAD
    0x08002550   0x00000040   Code   RO         3870    i.TIM3_IRQHandler   usart2.o
    0x08002590   0x00000058   Code   RO         3871    i.TIM3_Init         usart2.o
    0x080025e8   0x00000028   Code   RO         3872    i.TIM3_Set          usart2.o
    0x08002610   0x00000040   Code   RO         3797    i.TIM4_IRQHandler   usart1.o
    0x08002650   0x00000058   Code   RO         3798    i.TIM4_Init         usart1.o
    0x080026a8   0x00000028   Code   RO         3799    i.TIM4_Set          usart1.o
    0x080026d0   0x00000040   Code   RO         3717    i.TIM5_IRQHandler   uart4.o
    0x08002710   0x00000028   Code   RO         3719    i.TIM5_Set          uart4.o
    0x08002738   0x00000006   Code   RO         2337    i.TIM_ClearITPendingBit  stm32f10x_tim.o
    0x0800273e   0x00000018   Code   RO         2342    i.TIM_Cmd           stm32f10x_tim.o
    0x08002756   0x00000022   Code   RO         2363    i.TIM_GetITStatus   stm32f10x_tim.o
    0x08002778   0x00000012   Code   RO         2367    i.TIM_ITConfig      stm32f10x_tim.o
    0x0800278a   0x00000004   Code   RO         2407    i.TIM_SetCounter    stm32f10x_tim.o
    0x0800278e   0x00000002   PAD
    0x08002790   0x000000a4   Code   RO         2413    i.TIM_TimeBaseInit  stm32f10x_tim.o
    0x08002834   0x00000074   Code   RO         3720    i.UART4_IRQHandler  uart4.o
    0x080028a8   0x00000048   Code   RO         3800    i.UART_DMA_Config   usart1.o
    0x080028f0   0x00000020   Code   RO         3801    i.UART_DMA_Enable   usart1.o
    0x08002910   0x00000070   Code   RO         3802    i.USART1_IRQHandler  usart1.o
    0x08002980   0x000000e4   Code   RO         3803    i.USART1_Init       usart1.o
    0x08002a64   0x00000070   Code   RO         3873    i.USART2_IRQHandler  usart2.o
    0x08002ad4   0x000000dc   Code   RO         3874    i.USART2_Init       usart2.o
    0x08002bb0   0x00000070   Code   RO         3926    i.USART3_IRQHandler  usart3.o
    0x08002c20   0x000000e4   Code   RO         3927    i.USART3_Init       usart3.o
    0x08002d04   0x00000018   Code   RO         2878    i.USART_Cmd         stm32f10x_usart.o
    0x08002d1c   0x00000012   Code   RO         2879    i.USART_DMACmd      stm32f10x_usart.o
    0x08002d2e   0x00000002   PAD
    0x08002d30   0x0000009c   Code   RO         2880    i.USART_DeInit      stm32f10x_usart.o
    0x08002dcc   0x0000001a   Code   RO         2881    i.USART_GetFlagStatus  stm32f10x_usart.o
    0x08002de6   0x00000054   Code   RO         2882    i.USART_GetITStatus  stm32f10x_usart.o
    0x08002e3a   0x0000004a   Code   RO         2884    i.USART_ITConfig    stm32f10x_usart.o
    0x08002e84   0x000000d8   Code   RO         2885    i.USART_Init        stm32f10x_usart.o
    0x08002f5c   0x0000000a   Code   RO         2892    i.USART_ReceiveData  stm32f10x_usart.o
    0x08002f66   0x00000004   Code   RO         3214    i.UsageFault_Handler  stm32f10x_it.o
    0x08002f6a   0x00000002   PAD
    0x08002f6c   0x00000050   Code   RO         3444    i.XPT2046_EXTI_Config  bsp_xpt2046_lcd.o
    0x08002fbc   0x00000028   Code   RO         3445    i.XPT2046_EXTI_NVIC_Config  bsp_xpt2046_lcd.o
    0x08002fe4   0x00000080   Code   RO         3446    i.XPT2046_GPIO_SPI_Config  bsp_xpt2046_lcd.o
    0x08003064   0x0000000c   Code   RO         3448    i.XPT2046_Init      bsp_xpt2046_lcd.o
    0x08003070   0x00000028   Code   RO         4450    i.__0sprintf        mc_w.l(printfa.o)
    0x08003098   0x00000024   Code   RO         4454    i.__0vsprintf       mc_w.l(printfa.o)
    0x080030bc   0x0000000e   Code   RO         4543    i.__scatterload_copy  mc_w.l(handlers.o)
    0x080030ca   0x00000002   Code   RO         4544    i.__scatterload_null  mc_w.l(handlers.o)
    0x080030cc   0x0000000e   Code   RO         4545    i.__scatterload_zeroinit  mc_w.l(handlers.o)
    0x080030da   0x00000002   PAD
    0x080030dc   0x00000164   Code   RO         4455    i._fp_digits        mc_w.l(printfa.o)
    0x08003240   0x000006dc   Code   RO         4456    i._printf_core      mc_w.l(printfa.o)
    0x0800391c   0x00000024   Code   RO         4457    i._printf_post_padding  mc_w.l(printfa.o)
    0x08003940   0x0000002e   Code   RO         4458    i._printf_pre_padding  mc_w.l(printfa.o)
    0x0800396e   0x0000000a   Code   RO         4460    i._sputc            mc_w.l(printfa.o)
    0x08003978   0x00000044   Code   RO         4031    i.delay_init        delay.o
    0x080039bc   0x0000004c   Code   RO         4032    i.delay_ms          delay.o
    0x08003a08   0x0000004c   Code   RO         4033    i.delay_us          delay.o
    0x08003a54   0x0000022c   Code   RO         3108    i.main              main.o
    0x08003c80   0x00000040   Code   RO         4138    i.sim900a_check_cmd  sim900a.o
    0x08003cc0   0x00000078   Code   RO         4141    i.sim900a_send_cmd  sim900a.o
    0x08003d38   0x0000008c   Code   RO         4142    i.sim900a_sms_read  sim900a.o
    0x08003dc4   0x000000e8   Code   RO         4143    i.sim900a_sms_send  sim900a.o
    0x08003eac   0x0000006c   Code   RO         4144    i.sim900a_uart_analysis  sim900a.o
    0x08003f18   0x00000054   Code   RO         3875    i.u2_printf         usart2.o
    0x08003f6c   0x00000054   Code   RO         3928    i.u3_printf         usart3.o
    0x08003fc0   0x00000058   Code   RO         3981    i.usart1_analysis   app.o
    0x08004018   0x000005f0   Data   RO         3297    .constdata          bsp_ili9341_lcd.o
    0x08004608   0x0000008c   Data   RO         3110    .conststring        main.o
    0x08004694   0x00000020   Data   RO         4541    Region$$Table       anon$$obj.o


    Execution Region RW_IRAM1 (Base: 0x20000000, Size: 0x00009d50, Max: 0x00010000, ABSOLUTE)

    Base Addr    Size         Type   Attr      Idx    E Section Name        Object

    0x20000000   0x00000014   Data   RW           28    .data               system_stm32f10x.o
    0x20000014   0x00000014   Data   RW         1738    .data               stm32f10x_rcc.o
    0x20000028   0x00000048   Data   RW         3111    .data               main.o
    0x20000070   0x00000031   Data   RW         3455    .data               bsp_xpt2046_lcd.o
    0x200000a1   0x00000003   PAD
    0x200000a4   0x00000008   Data   RW         3728    .data               uart4.o
    0x200000ac   0x00000002   Data   RW         3806    .data               usart1.o
    0x200000ae   0x00000002   Data   RW         3877    .data               usart2.o
    0x200000b0   0x00000002   Data   RW         3930    .data               usart3.o
    0x200000b2   0x00000004   Data   RW         4034    .data               delay.o
    0x200000b6   0x00000002   PAD
    0x200000b8   0x000029a6   Zero   RW         3109    .bss                main.o
    0x20002a5e   0x00000002   PAD
    0x20002a60   0x00000800   Zero   RW         3727    .bss                uart4.o
    0x20003260   0x00000600   Zero   RW         3805    .bss                usart1.o
    0x20003860   0x00002000   Zero   RW         3876    .bss                usart2.o
    0x20005860   0x00002000   Zero   RW         3929    .bss                usart3.o
    0x20007860   0x000020ed   Zero   RW         4146    .bss                sim900a.o
    0x2000994d   0x00000003   PAD
    0x20009950   0x00000400   Zero   RW            1    STACK               startup_stm32f10x_hd.o


==============================================================================

Image component sizes


      Code (inc. data)   RO Data    RW Data    ZI Data      Debug   Object Name

       846        124          0          0          0       4774   app.o
      1390         34       1520          0          0       9774   bsp_ili9341_lcd.o
        12          0          0          0          0        443   bsp_lcd.o
       260         12          0         49          0       5002   bsp_xpt2046_lcd.o
         0          0          0          0          0       4504   core_cm3.o
       220         26          0          4          0       1663   delay.o
      1704        170          0          0          0       5023   gps.o
        52          6          0          0          0        475   led.o
       556         78        140         72      10662     207549   main.o
       172         22          0          0          0       2045   misc.o
       816        252          0          0       8429       5376   sim900a.o
        36          8        304          0       1024        860   startup_stm32f10x_hd.o
       428          8          0          0          0       4516   stm32f10x_dma.o
       200         18          0          0          0       2084   stm32f10x_exti.o
       282          6          0          0          0       1805   stm32f10x_fsmc.o
       368          4          0          0          0       4230   stm32f10x_gpio.o
        58          6          0          0          0       4311   stm32f10x_it.o
       372         50          0         20          0       6124   stm32f10x_rcc.o
       250         42          0          0          0       4051   stm32f10x_tim.o
       608         28          0          0          0       6722   stm32f10x_usart.o
        12          0          0          0          0        449   sys.o
       328         28          0         20          0     270609   system_stm32f10x.o
       610         44          0          0          0       6270   temp.o
       220         34          0          8       2048       4069   uart4.o
       636         62          0          2       1536       4887   usart1.o
       608         74          0          2       8192       4183   usart2.o
       606         58          0          2       8192       4219   usart3.o

    ----------------------------------------------------------------------
     11672       1194       1996        184      40088     576017   Object Totals
         0          0         32          0          0          0   (incl. Generated)
        22          0          0          5          5          0   (incl. Padding)

    ----------------------------------------------------------------------

      Code (inc. data)   RO Data    RW Data    ZI Data      Debug   Library Member Name

         0          0          0          0          0          0   entry.o
         0          0          0          0          0          0   entry10a.o
         0          0          0          0          0          0   entry11a.o
         8          4          0          0          0          0   entry2.o
         4          0          0          0          0          0   entry5.o
         0          0          0          0          0          0   entry7b.o
         0          0          0          0          0          0   entry8b.o
         8          4          0          0          0          0   entry9a.o
        30          0          0          0          0          0   handlers.o
        36          8          0          0          0         68   init.o
         0          0          0          0          0          0   iusefp.o
        30          0          0          0          0         68   llshl.o
        36          0          0          0          0         68   llsshr.o
        32          0          0          0          0         68   llushr.o
      2280         92          0          0          0        592   printfa.o
        14          0          0          0          0         68   strlen.o
        36          0          0          0          0         80   strstr.o
        44          0          0          0          0         80   uidiv.o
        98          0          0          0          0         92   uldiv.o
        48          0          0          0          0         68   cdrcmple.o
        56          0          0          0          0         88   d2f.o
       334          0          0          0          0        148   dadd.o
       222          0          0          0          0        100   ddiv.o
       186          0          0          0          0        176   depilogue.o
        48          0          0          0          0         68   dfixul.o
        34          0          0          0          0         76   dflti.o
       228          0          0          0          0         96   dmul.o
        38          0          0          0          0         68   f2d.o
       176          0          0          0          0        140   fadd.o
       124          0          0          0          0         88   fdiv.o
       110          0          0          0          0        168   fepilogue.o
        40          0          0          0          0         68   ffixui.o
        18          0          0          0          0         68   fflti.o
        10          0          0          0          0         68   ffltui.o
       100          0          0          0          0         76   fmul.o

    ----------------------------------------------------------------------
      4432        108          0          0          0       2748   Library Totals
         4          0          0          0          0          0   (incl. Padding)

    ----------------------------------------------------------------------

      Code (inc. data)   RO Data    RW Data    ZI Data      Debug   Library Name

      2656        108          0          0          0       1184   mc_w.l
      1772          0          0          0          0       1564   mf_w.l

    ----------------------------------------------------------------------
      4432        108          0          0          0       2748   Library Totals

    ----------------------------------------------------------------------

==============================================================================


      Code (inc. data)   RO Data    RW Data    ZI Data      Debug   

     16104       1302       1996        184      40088     570961   Grand Totals
     16104       1302       1996        184      40088     570961   ELF Image Totals
     16104       1302       1996        184          0          0   ROM Totals

==============================================================================

    Total RO  Size (Code + RO Data)                18100 (  17.68kB)
    Total RW  Size (RW Data + ZI Data)             40272 (  39.33kB)
    Total ROM Size (Code + RO Data + RW Data)      18284 (  17.86kB)

==============================================================================

