<html>
<body>
<pre>
<h1>µVision Build Log</h1>
<h2>Tool Versions:</h2>
IDE-Version: ¶ÃVision V5.15
Copyright (C) 2015 ARM Ltd and ARM Germany GmbH. All rights reserved.
License Information:  ,  , LIC=8MZGK-ZGXXN-05BTY-IQSEB-PY1S0-LRVNQ
 
Tool Versions:
Toolchain:       MDK-ARM Professional  Version: 5.15.0
Toolchain Path:  C:\Keil_v5\ARM\ARMCC\Bin
C Compiler:      Armcc.exe V5.05 update 2 (build 169)
Assembler:       Armasm.exe V5.05 update 2 (build 169)
Linker/Locator:  ArmLink.exe V5.05 update 2 (build 169)
Library Manager: ArmAr.exe V5.05 update 2 (build 169)
Hex Converter:   FromElf.exe V5.05 update 2 (build 169)
CPU DLL:         SARMCM3.DLL V5.15.0
Dialog DLL:      DCM.DLL V1.13.2.0
Target DLL:      CMSIS_AGDI.dll V1.21.12.0
Dialog DLL:      TCM.DLL V1.14.5.0
 
<h2>Project:</h2>
C:\Users\Lenovo\Desktop\GPSfinal\Project\RVMDK£®uv4£©\iSO-STM32.uvprojx
Project File Date:  07/16/2019

<h2>Output:</h2>
*** Using Compiler 'V5.05 update 2 (build 169)', folder: 'C:\Keil_v5\ARM\ARMCC\Bin'
Rebuild target 'œ‘ æ”¢Œƒ'
assembling startup_stm32f10x_hd.s...
compiling core_cm3.c...
compiling system_stm32f10x.c...
compiling misc.c...
compiling stm32f10x_adc.c...
compiling stm32f10x_bkp.c...
compiling stm32f10x_can.c...
compiling stm32f10x_cec.c...
compiling stm32f10x_crc.c...
compiling stm32f10x_dac.c...
compiling stm32f10x_dbgmcu.c...
compiling stm32f10x_dma.c...
compiling stm32f10x_exti.c...
compiling stm32f10x_flash.c...
compiling stm32f10x_fsmc.c...
compiling stm32f10x_gpio.c...
compiling stm32f10x_i2c.c...
compiling stm32f10x_iwdg.c...
compiling stm32f10x_pwr.c...
compiling stm32f10x_rcc.c...
compiling stm32f10x_rtc.c...
compiling stm32f10x_sdio.c...
compiling stm32f10x_spi.c...
compiling stm32f10x_tim.c...
compiling stm32f10x_usart.c...
compiling stm32f10x_wwdg.c...
compiling main.c...
..\..\User\main.c(90): warning:  #177-D: variable "uc" was declared but never referenced
      u8 uc, ucDs18b20Id [ 8 ];
..\..\User\main.c(92): warning:  #550-D: variable "y" was set but never used
      int y = 0;
..\..\User\main.c(94): warning:  #177-D: variable "i" was declared but never referenced
      int i, index = 0;
..\..\User\main.c(94): warning:  #177-D: variable "index" was declared but never referenced
      int i, index = 0;
..\..\User\main.c: 4 warnings, 0 errors
compiling stm32f10x_it.c...
compiling bsp_ili9341_lcd.c...
compiling bsp_xpt2046_lcd.c...
compiling bsp_lcd.c...
compiling gps.c...
compiling key.c...
compiling led.c...
compiling bsp_SysTick.c...
compiling uart4.c...
compiling usart1.c...
compiling usart2.c...
compiling usart3.c...
compiling App.c...
..\..\User\App.c(34): warning:  #177-D: variable "p" was declared but never referenced
        u8* p=TEMP_BUF4;
..\..\User\App.c(129): warning:  #167-D: argument of type "u8 *" is incompatible with parameter of type "char *"
                u2_printf(POS);
..\..\User\App.c(132): warning:  #167-D: argument of type "u8 *" is incompatible with parameter of type "char *"
                GETPOS(POS);
..\..\User\App.c: 3 warnings, 0 errors
compiling sys.c...
compiling delay.c...
compiling temp.c...
compiling sim900a.c...
..\..\..\GSMfinal\User\SIM900A\sim900a.c(27): warning:  #177-D: variable "i" was declared but never referenced
      u16 i,rxlen;
..\..\..\GSMfinal\User\SIM900A\sim900a.c(27): warning:  #550-D: variable "rxlen" was set but never used
      u16 i,rxlen;
..\..\..\GSMfinal\User\SIM900A\sim900a.c(150): warning:  #111-D: statement is unreachable
                                                break;
..\..\..\GSMfinal\User\SIM900A\sim900a.c(162): warning:  #111-D: statement is unreachable
                                                break;
..\..\..\GSMfinal\User\SIM900A\sim900a.c(174): warning:  #111-D: statement is unreachable
              break;
..\..\..\GSMfinal\User\SIM900A\sim900a.c(178): warning:  #111-D: statement is unreachable
                delay_ms(100);
..\..\..\GSMfinal\User\SIM900A\sim900a.c(185): warning:  #177-D: variable "i" was declared but never referenced
            u16 i,rxlen;
..\..\..\GSMfinal\User\SIM900A\sim900a.c(185): warning:  #550-D: variable "rxlen" was set but never used
            u16 i,rxlen;
..\..\..\GSMfinal\User\SIM900A\sim900a.c(186): warning:  #177-D: variable "y" was declared but never referenced
                        int y = 0;
..\..\..\GSMfinal\User\SIM900A\sim900a.c: 9 warnings, 0 errors
linking...
Program Size: Code=16104 RO-data=1996 RW-data=184 ZI-data=40088  
FromELF: creating hex file...
"..\..\Output\Template.axf" - 0 Error(s), 16 Warning(s).

<h2>Software Packages used:</h2>

Package Vendor: ARM
                http://www.keil.com/pack/ARM.CMSIS.4.3.0.pack
                ARM::CMSIS:CORE:4.1.0
                CMSIS (Cortex Microcontroller Software Interface Standard)
   * Component: CORE Version: 4.1.0

<h2>Collection of Component include folders:</h2>
  C:\Users\Lenovo\Desktop\GPSfinal\Project\RVMDK£®uv4£©\RTE
  C:\Keil_v5\ARM\PACK\ARM\CMSIS\4.3.0\CMSIS\Include
  C:\Keil_v5\ARM\PACK\Keil\STM32F1xx_DFP\1.1.0\Device\Include

<h2>Collection of Component Files used:</h2>

   * Component: ARM::CMSIS:CORE:4.1.0
</pre>
</body>
</html>
