<html>
<body>
<pre>
<h1>礦ision Build Log</h1>
<h2>Tool Versions:</h2>
IDE-Version: μVision V5.14.0.0
Copyright (C) 2015 ARM Ltd and ARM Germany GmbH. All rights reserved.
License Information: han lenovo, HIT, LIC=R4HWF-6BAKC-NT93G-VWTA1-XIRFT-7J53C
 
Tool Versions:
Toolchain:       MDK-ARM Professional  Version: 5.14.0.0
Toolchain Path:  D:\study\MDK5\ARM\ARMCC\Bin
C Compiler:      Armcc.exe V5.05 update 1 (build 106)
Assembler:       Armasm.exe V5.05 update 1 (build 106)
Linker/Locator:  ArmLink.exe V5.05 update 1 (build 106)
Library Manager: ArmAr.exe V5.05 update 1 (build 106)
Hex Converter:   FromElf.exe V5.05 update 1 (build 106)
CPU DLL:         SARMCM3.DLL V5.14.0.0
Dialog DLL:      DCM.DLL V1.13.1.0
Target DLL:      STLink\ST-LINKIII-KEIL_SWO.dll V2.0.14.0_KEIL
Dialog DLL:      TCM.DLL V1.14.4.0
 
<h2>Project:</h2>
E:\信抗文件\GPS_learning\真最终版\系统板+GPRS_end_end\Project\RVMDK（uv4）\iSO-STM32.uvprojx
Project File Date:  07/09/2019

<h2>Output:</h2>
Build target '显示英文'
assembling startup_stm32f10x_hd.s...
compiling core_cm3.c...
compiling system_stm32f10x.c...
compiling misc.c...
compiling stm32f10x_adc.c...
compiling stm32f10x_bkp.c...
compiling stm32f10x_can.c...
compiling stm32f10x_cec.c...
compiling stm32f10x_crc.c...
compiling stm32f10x_dac.c...
compiling stm32f10x_dbgmcu.c...
compiling stm32f10x_dma.c...
compiling stm32f10x_exti.c...
compiling stm32f10x_flash.c...
compiling stm32f10x_fsmc.c...
compiling stm32f10x_gpio.c...
compiling stm32f10x_i2c.c...
compiling stm32f10x_iwdg.c...
compiling stm32f10x_pwr.c...
compiling stm32f10x_rcc.c...
compiling stm32f10x_rtc.c...
compiling stm32f10x_sdio.c...
compiling stm32f10x_spi.c...
compiling stm32f10x_tim.c...
compiling stm32f10x_usart.c...
compiling stm32f10x_wwdg.c...
compiling main.c...
..\..\User\main.c(49): warning:  #177-D: variable "uc" was declared but never referenced
      u8 uc, ucDs18b20Id [ 8 ];
..\..\User\main.c(49): warning:  #177-D: variable "ucDs18b20Id" was declared but never referenced
      u8 uc, ucDs18b20Id [ 8 ];
..\..\User\main.c(50): warning:  #177-D: variable "temp" was declared but never referenced
      float temp;
..\..\User\main.c(54): warning:  #177-D: variable "i" was declared but never referenced
      int i, index = 0;
..\..\User\main.c: 4 warnings, 0 errors
compiling stm32f10x_it.c...
compiling bsp_ili9341_lcd.c...
compiling bsp_xpt2046_lcd.c...
compiling bsp_lcd.c...
compiling gps.c...
compiling key.c...
compiling led.c...
compiling sim900a.c...
..\..\User\SIM900A\sim900a.c(28): warning:  #177-D: variable "i" was declared but never referenced
      u16 i,rxlen;
..\..\User\SIM900A\sim900a.c(28): warning:  #550-D: variable "rxlen" was set but never used
      u16 i,rxlen;
..\..\User\SIM900A\sim900a.c(151): warning:  #111-D: statement is unreachable
                                                break;
..\..\User\SIM900A\sim900a.c(163): warning:  #111-D: statement is unreachable
                                                break;
..\..\User\SIM900A\sim900a.c(175): warning:  #111-D: statement is unreachable
              break;
..\..\User\SIM900A\sim900a.c(179): warning:  #111-D: statement is unreachable
                delay_ms(100);
..\..\User\SIM900A\sim900a.c(186): warning:  #177-D: variable "i" was declared but never referenced
            u16 i,rxlen;
..\..\User\SIM900A\sim900a.c(186): warning:  #550-D: variable "rxlen" was set but never used
            u16 i,rxlen;
..\..\User\SIM900A\sim900a.c(322): warning:  #177-D: variable "end" was declared but never referenced
        char end =0x1A;
..\..\User\SIM900A\sim900a.c(323): warning:  #177-D: variable "g" was declared but never referenced
        int g = 1;
..\..\User\SIM900A\sim900a.c: 10 warnings, 0 errors
compiling bsp_SysTick.c...
compiling uart4.c...
..\..\User\UART4\uart4.c(104): warning:  #177-D: variable "debug" was declared but never referenced
        int debug = 1;
..\..\User\UART4\uart4.c: 1 warning, 0 errors
compiling usart1.c...
compiling usart2.c...
..\..\User\USART2\usart2.c(118): warning:  #177-D: variable "debug" was declared but never referenced
        int debug = 1;
..\..\User\USART2\usart2.c: 1 warning, 0 errors
compiling usart3.c...
compiling App.c...
..\..\User\App.c(36): warning:  #177-D: variable "p" was declared but never referenced
        u8* p=TEMP_BUF4;
..\..\User\App.c(179): warning:  #167-D: argument of type "u8 *" is incompatible with parameter of type "char *"
                GETPOS(POS,POS1);
..\..\User\App.c(179): warning:  #167-D: argument of type "u8 *" is incompatible with parameter of type "char *"
                GETPOS(POS,POS1);
..\..\User\App.c(180): warning:  #167-D: argument of type "u8 *" is incompatible with parameter of type "char *"
                u2_printf(POS);
..\..\User\App.c: 4 warnings, 0 errors
compiling sys.c...
compiling delay.c...
compiling temp.c...
linking...
Program Size: Code=14580 RO-data=476 RW-data=184 ZI-data=40184  
FromELF: creating hex file...
"..\..\Output\Template.axf" - 0 Error(s), 20 Warning(s).

<h2>Software Packages used:</h2>

Package Vendor: ARM
                http://www.keil.com/pack/ARM.CMSIS.4.2.0.pack
                ARM::CMSIS:CORE:3.40.0
                CMSIS (Cortex Microcontroller Software Interface Standard)
   * Component: CORE Version: 3.40.0

<h2>Collection of Component include folders:</h2>
  E:\信抗文件\GPS_learning\真最终版\系统板+GPRS_end_end\Project\RVMDK（uv4）\RTE
  D:\study\MDK5\ARM\PACK\ARM\CMSIS\4.2.0\CMSIS\Include
  D:\study\MDK5\ARM\PACK\Keil\STM32F1xx_DFP\2.2.0

<h2>Collection of Component Files used:</h2>

   * Component: ARM::CMSIS:CORE:3.40.0
      Source file:   CMSIS\UserCodeTemplates\ARM\ITM_Retarget.c
</pre>
</body>
</html>
